Archive member included to satisfy reference by file (symbol)

c:/ac6/systemworkbench/plugins/fr.ac6.mcu.externaltools.arm-none.win32_1.17.0.201812190825/tools/compiler/bin/../lib/gcc/arm-none-eabi/7.3.1/thumb/v7e-m/fpv4-sp/hard\libgcc.a(_arm_addsubdf3.o)
                              Core/Src/File_Handling.o (__aeabi_ui2d)
c:/ac6/systemworkbench/plugins/fr.ac6.mcu.externaltools.arm-none.win32_1.17.0.201812190825/tools/compiler/bin/../lib/gcc/arm-none-eabi/7.3.1/thumb/v7e-m/fpv4-sp/hard\libgcc.a(_arm_muldivdf3.o)
                              Core/Src/File_Handling.o (__aeabi_dmul)
c:/ac6/systemworkbench/plugins/fr.ac6.mcu.externaltools.arm-none.win32_1.17.0.201812190825/tools/compiler/bin/../lib/gcc/arm-none-eabi/7.3.1/thumb/v7e-m/fpv4-sp/hard\libgcc.a(_arm_fixunsdfsi.o)
                              Core/Src/File_Handling.o (__aeabi_d2uiz)
c:/ac6/systemworkbench/plugins/fr.ac6.mcu.externaltools.arm-none.win32_1.17.0.201812190825/tools/compiler/bin/../lib/gcc/arm-none-eabi/7.3.1/thumb/v7e-m/fpv4-sp/hard\libgcc.a(_aeabi_uldivmod.o)
                              Drivers/STM32F4xx_HAL_Driver/Src/stm32f4xx_hal_rcc.o (__aeabi_uldivmod)
c:/ac6/systemworkbench/plugins/fr.ac6.mcu.externaltools.arm-none.win32_1.17.0.201812190825/tools/compiler/bin/../lib/gcc/arm-none-eabi/7.3.1/thumb/v7e-m/fpv4-sp/hard\libgcc.a(_udivmoddi4.o)
                              c:/ac6/systemworkbench/plugins/fr.ac6.mcu.externaltools.arm-none.win32_1.17.0.201812190825/tools/compiler/bin/../lib/gcc/arm-none-eabi/7.3.1/thumb/v7e-m/fpv4-sp/hard\libgcc.a(_aeabi_uldivmod.o) (__udivmoddi4)
c:/ac6/systemworkbench/plugins/fr.ac6.mcu.externaltools.arm-none.win32_1.17.0.201812190825/tools/compiler/bin/../lib/gcc/arm-none-eabi/7.3.1/thumb/v7e-m/fpv4-sp/hard\libgcc.a(_dvmd_tls.o)
                              c:/ac6/systemworkbench/plugins/fr.ac6.mcu.externaltools.arm-none.win32_1.17.0.201812190825/tools/compiler/bin/../lib/gcc/arm-none-eabi/7.3.1/thumb/v7e-m/fpv4-sp/hard\libgcc.a(_aeabi_uldivmod.o) (__aeabi_ldiv0)
c:/ac6/systemworkbench/plugins/fr.ac6.mcu.externaltools.arm-none.win32_1.17.0.201812190825/tools/compiler/bin/../lib/gcc/arm-none-eabi/7.3.1/../../../../arm-none-eabi/lib/thumb/v7e-m/fpv4-sp/hard\libc_nano.a(lib_a-errno.o)
                              Core/Src/syscalls.o (__errno)
c:/ac6/systemworkbench/plugins/fr.ac6.mcu.externaltools.arm-none.win32_1.17.0.201812190825/tools/compiler/bin/../lib/gcc/arm-none-eabi/7.3.1/../../../../arm-none-eabi/lib/thumb/v7e-m/fpv4-sp/hard\libc_nano.a(lib_a-exit.o)
                              c:/ac6/systemworkbench/plugins/fr.ac6.mcu.externaltools.arm-none.win32_1.17.0.201812190825/tools/compiler/bin/../lib/gcc/arm-none-eabi/7.3.1/../../../../arm-none-eabi/lib/thumb/v7e-m/fpv4-sp/hard/crt0.o (exit)
c:/ac6/systemworkbench/plugins/fr.ac6.mcu.externaltools.arm-none.win32_1.17.0.201812190825/tools/compiler/bin/../lib/gcc/arm-none-eabi/7.3.1/../../../../arm-none-eabi/lib/thumb/v7e-m/fpv4-sp/hard\libc_nano.a(lib_a-impure.o)
                              c:/ac6/systemworkbench/plugins/fr.ac6.mcu.externaltools.arm-none.win32_1.17.0.201812190825/tools/compiler/bin/../lib/gcc/arm-none-eabi/7.3.1/../../../../arm-none-eabi/lib/thumb/v7e-m/fpv4-sp/hard\libc_nano.a(lib_a-exit.o) (_global_impure_ptr)
c:/ac6/systemworkbench/plugins/fr.ac6.mcu.externaltools.arm-none.win32_1.17.0.201812190825/tools/compiler/bin/../lib/gcc/arm-none-eabi/7.3.1/../../../../arm-none-eabi/lib/thumb/v7e-m/fpv4-sp/hard\libc_nano.a(lib_a-init.o)
                              c:/ac6/systemworkbench/plugins/fr.ac6.mcu.externaltools.arm-none.win32_1.17.0.201812190825/tools/compiler/bin/../lib/gcc/arm-none-eabi/7.3.1/../../../../arm-none-eabi/lib/thumb/v7e-m/fpv4-sp/hard/crt0.o (__libc_init_array)
c:/ac6/systemworkbench/plugins/fr.ac6.mcu.externaltools.arm-none.win32_1.17.0.201812190825/tools/compiler/bin/../lib/gcc/arm-none-eabi/7.3.1/../../../../arm-none-eabi/lib/thumb/v7e-m/fpv4-sp/hard\libc_nano.a(lib_a-malloc.o)
                              Core/Src/File_Handling.o (malloc)
c:/ac6/systemworkbench/plugins/fr.ac6.mcu.externaltools.arm-none.win32_1.17.0.201812190825/tools/compiler/bin/../lib/gcc/arm-none-eabi/7.3.1/../../../../arm-none-eabi/lib/thumb/v7e-m/fpv4-sp/hard\libc_nano.a(lib_a-memset.o)
                              c:/ac6/systemworkbench/plugins/fr.ac6.mcu.externaltools.arm-none.win32_1.17.0.201812190825/tools/compiler/bin/../lib/gcc/arm-none-eabi/7.3.1/../../../../arm-none-eabi/lib/thumb/v7e-m/fpv4-sp/hard/crt0.o (memset)
c:/ac6/systemworkbench/plugins/fr.ac6.mcu.externaltools.arm-none.win32_1.17.0.201812190825/tools/compiler/bin/../lib/gcc/arm-none-eabi/7.3.1/../../../../arm-none-eabi/lib/thumb/v7e-m/fpv4-sp/hard\libc_nano.a(lib_a-nano-freer.o)
                              c:/ac6/systemworkbench/plugins/fr.ac6.mcu.externaltools.arm-none.win32_1.17.0.201812190825/tools/compiler/bin/../lib/gcc/arm-none-eabi/7.3.1/../../../../arm-none-eabi/lib/thumb/v7e-m/fpv4-sp/hard\libc_nano.a(lib_a-malloc.o) (_free_r)
[...]
Memory Configuration

Name             Origin             Length             Attributes
RAM              0x20000000         0x00020000         xrw
CCMRAM           0x10000000         0x00010000         xrw
FLASH            0x08000000         0x00100000         xr
*default*        0x00000000         0xffffffff

Linker script and memory map

LOAD c:/ac6/systemworkbench/plugins/fr.ac6.mcu.externaltools.arm-none.win32_1.17.0.201812190825/tools/compiler/bin/../lib/gcc/arm-none-eabi/7.3.1/thumb/v7e-m/fpv4-sp/hard/crti.o
LOAD c:/ac6/systemworkbench/plugins/fr.ac6.mcu.externaltools.arm-none.win32_1.17.0.201812190825/tools/compiler/bin/../lib/gcc/arm-none-eabi/7.3.1/thumb/v7e-m/fpv4-sp/hard/crtbegin.o
LOAD c:/ac6/systemworkbench/plugins/fr.ac6.mcu.externaltools.arm-none.win32_1.17.0.201812190825/tools/compiler/bin/../lib/gcc/arm-none-eabi/7.3.1/../../../../arm-none-eabi/lib/thumb/v7e-m/fpv4-sp/hard/crt0.o
LOAD Core/Src/File_Handling.o
LOAD Core/Src/main.o
LOAD Core/Src/stm32f4xx_hal_msp.o
LOAD Core/Src/stm32f4xx_it.o
LOAD Core/Src/syscalls.o
LOAD Core/Src/system_stm32f4xx.o
LOAD Core/Src/systick_timer.o
LOAD Drivers/STM32F4xx_HAL_Driver/Src/stm32f4xx_hal.o
LOAD Drivers/STM32F4xx_HAL_Driver/Src/stm32f4xx_hal_cortex.o
LOAD Drivers/STM32F4xx_HAL_Driver/Src/stm32f4xx_hal_dma.o
LOAD Drivers/STM32F4xx_HAL_Driver/Src/stm32f4xx_hal_dma_ex.o
LOAD Drivers/STM32F4xx_HAL_Driver/Src/stm32f4xx_hal_exti.o
LOAD Drivers/STM32F4xx_HAL_Driver/Src/stm32f4xx_hal_flash.o
LOAD Drivers/STM32F4xx_HAL_Driver/Src/stm32f4xx_hal_flash_ex.o
LOAD Drivers/STM32F4xx_HAL_Driver/Src/stm32f4xx_hal_flash_ramfunc.o
LOAD Drivers/STM32F4xx_HAL_Driver/Src/stm32f4xx_hal_gpio.o
LOAD Drivers/STM32F4xx_HAL_Driver/Src/stm32f4xx_hal_hcd.o
LOAD Drivers/STM32F4xx_HAL_Driver/Src/stm32f4xx_hal_i2c.o
LOAD Drivers/STM32F4xx_HAL_Driver/Src/stm32f4xx_hal_i2c_ex.o
LOAD Drivers/STM32F4xx_HAL_Driver/Src/stm32f4xx_hal_i2s.o
LOAD Drivers/STM32F4xx_HAL_Driver/Src/stm32f4xx_hal_i2s_ex.o
LOAD Drivers/STM32F4xx_HAL_Driver/Src/stm32f4xx_hal_pwr.o
LOAD Drivers/STM32F4xx_HAL_Driver/Src/stm32f4xx_hal_pwr_ex.o
LOAD Drivers/STM32F4xx_HAL_Driver/Src/stm32f4xx_hal_rcc.o
LOAD Drivers/STM32F4xx_HAL_Driver/Src/stm32f4xx_hal_rcc_ex.o
LOAD Drivers/STM32F4xx_HAL_Driver/Src/stm32f4xx_hal_spi.o
LOAD Drivers/STM32F4xx_HAL_Driver/Src/stm32f4xx_hal_tim.o
LOAD Drivers/STM32F4xx_HAL_Driver/Src/stm32f4xx_hal_tim_ex.o
LOAD Drivers/STM32F4xx_HAL_Driver/Src/stm32f4xx_hal_uart.o
LOAD Drivers/STM32F4xx_HAL_Driver/Src/stm32f4xx_ll_usb.o
LOAD FATFS/App/fatfs.o
LOAD FATFS/Target/usbh_diskio.o
LOAD Middlewares/ST/STM32_USB_Host_Library/Class/MSC/Src/usbh_msc.o
LOAD Middlewares/ST/STM32_USB_Host_Library/Class/MSC/Src/usbh_msc_bot.o
LOAD Middlewares/ST/STM32_USB_Host_Library/Class/MSC/Src/usbh_msc_scsi.o
LOAD Middlewares/ST/STM32_USB_Host_Library/Core/Src/usbh_core.o
LOAD Middlewares/ST/STM32_USB_Host_Library/Core/Src/usbh_ctlreq.o
LOAD Middlewares/ST/STM32_USB_Host_Library/Core/Src/usbh_ioreq.o
LOAD Middlewares/ST/STM32_USB_Host_Library/Core/Src/usbh_pipes.o
LOAD Middlewares/Third_Party/FatFs/src/diskio.o
LOAD Middlewares/Third_Party/FatFs/src/ff.o
LOAD Middlewares/Third_Party/FatFs/src/ff_gen_drv.o
LOAD Middlewares/Third_Party/FatFs/src/option/ccsbcs.o
LOAD Middlewares/Third_Party/FatFs/src/option/syscall.o
LOAD USB_HOST/App/usb_host.o
LOAD USB_HOST/Target/usbh_conf.o
LOAD USB_HOST/Target/usbh_platform.o
LOAD startup/startup_stm32f407xx.o
LOAD c:/ac6/systemworkbench/plugins/fr.ac6.mcu.externaltools.arm-none.win32_1.17.0.201812190825/tools/compiler/bin/../lib/gcc/arm-none-eabi/7.3.1/../../../../arm-none-eabi/lib/thumb/v7e-m/fpv4-sp/hard\libm.a
START GROUP
LOAD c:/ac6/systemworkbench/plugins/fr.ac6.mcu.externaltools.arm-none.win32_1.17.0.201812190825/tools/compiler/bin/../lib/gcc/arm-none-eabi/7.3.1/thumb/v7e-m/fpv4-sp/hard\libgcc.a
LOAD c:/ac6/systemworkbench/plugins/fr.ac6.mcu.externaltools.arm-none.win32_1.17.0.201812190825/tools/compiler/bin/../lib/gcc/arm-none-eabi/7.3.1/../../../../arm-none-eabi/lib/thumb/v7e-m/fpv4-sp/hard\libc_nano.a
END GROUP
START GROUP
LOAD c:/ac6/systemworkbench/plugins/fr.ac6.mcu.externaltools.arm-none.win32_1.17.0.201812190825/tools/compiler/bin/../lib/gcc/arm-none-eabi/7.3.1/thumb/v7e-m/fpv4-sp/hard\libgcc.a
LOAD c:/ac6/systemworkbench/plugins/fr.ac6.mcu.externaltools.arm-none.win32_1.17.0.201812190825/tools/compiler/bin/../lib/gcc/arm-none-eabi/7.3.1/../../../../arm-none-eabi/lib/thumb/v7e-m/fpv4-sp/hard\libc_nano.a
LOAD c:/ac6/systemworkbench/plugins/fr.ac6.mcu.externaltools.arm-none.win32_1.17.0.201812190825/tools/compiler/bin/../lib/gcc/arm-none-eabi/7.3.1/../../../../arm-none-eabi/lib/thumb/v7e-m/fpv4-sp/hard\libnosys.a
END GROUP
START GROUP
LOAD c:/ac6/systemworkbench/plugins/fr.ac6.mcu.externaltools.arm-none.win32_1.17.0.201812190825/tools/compiler/bin/../lib/gcc/arm-none-eabi/7.3.1/thumb/v7e-m/fpv4-sp/hard\libgcc.a
LOAD c:/ac6/systemworkbench/plugins/fr.ac6.mcu.externaltools.arm-none.win32_1.17.0.201812190825/tools/compiler/bin/../lib/gcc/arm-none-eabi/7.3.1/../../../../arm-none-eabi/lib/thumb/v7e-m/fpv4-sp/hard\libc_nano.a
LOAD c:/ac6/systemworkbench/plugins/fr.ac6.mcu.externaltools.arm-none.win32_1.17.0.201812190825/tools/compiler/bin/../lib/gcc/arm-none-eabi/7.3.1/../../../../arm-none-eabi/lib/thumb/v7e-m/fpv4-sp/hard\libnosys.a
END GROUP
LOAD c:/ac6/systemworkbench/plugins/fr.ac6.mcu.externaltools.arm-none.win32_1.17.0.201812190825/tools/compiler/bin/../lib/gcc/arm-none-eabi/7.3.1/thumb/v7e-m/fpv4-sp/hard/crtend.o
LOAD c:/ac6/systemworkbench/plugins/fr.ac6.mcu.externaltools.arm-none.win32_1.17.0.201812190825/tools/compiler/bin/../lib/gcc/arm-none-eabi/7.3.1/thumb/v7e-m/fpv4-sp/hard/crtn.o
                0x20020000                _estack = 0x20020000
                0x00000200                _Min_Heap_Size = 0x200
                0x00000400                _Min_Stack_Size = 0x400

.isr_vector     0x08000000      0x188
                0x08000000                . = ALIGN (0x4)
 *(.isr_vector)
 .isr_vector    0x08000000      0x188 startup/startup_stm32f407xx.o
                0x08000000                g_pfnVectors
                0x08000188                . = ALIGN (0x4)

.text           0x08000190     0x7dec
                0x08000190                . = ALIGN (0x4)
 *(.text)
 .text          0x08000190       0x40 c:/ac6/systemworkbench/plugins/fr.ac6.mcu.externaltools.arm-none.win32_1.17.0.201812190825/tools/compiler/bin/../lib/gcc/arm-none-eabi/7.3.1/thumb/v7e-m/fpv4-sp/hard/crtbegin.o
 .text          0x080001d0       0x30 c:/ac6/systemworkbench/plugins/fr.ac6.mcu.externaltools.arm-none.win32_1.17.0.201812190825/tools/compiler/bin/../lib/gcc/arm-none-eabi/7.3.1/thumb/v7e-m/fpv4-sp/hard\libgcc.a(_aeabi_uldivmod.o)
                0x080001d0                __aeabi_uldivmod
 .text          0x08000200      0x2cc c:/ac6/systemworkbench/plugins/fr.ac6.mcu.externaltools.arm-none.win32_1.17.0.201812190825/tools/compiler/bin/../lib/gcc/arm-none-eabi/7.3.1/thumb/v7e-m/fpv4-sp/hard\libgcc.a(_udivmoddi4.o)
                0x08000200                __udivmoddi4
 .text          0x080004cc        0x4 c:/ac6/systemworkbench/plugins/fr.ac6.mcu.externaltools.arm-none.win32_1.17.0.201812190825/tools/compiler/bin/../lib/gcc/arm-none-eabi/7.3.1/thumb/v7e-m/fpv4-sp/hard\libgcc.a(_dvmd_tls.o)
                0x080004cc                __aeabi_idiv0
                0x080004cc                __aeabi_ldiv0
 .text          0x080004d0       0x14 c:/ac6/systemworkbench/plugins/fr.ac6.mcu.externaltools.arm-none.win32_1.17.0.201812190825/tools/compiler/bin/../lib/gcc/arm-none-eabi/7.3.1/../../../../arm-none-eabi/lib/thumb/v7e-m/fpv4-sp/hard\libc_nano.a(lib_a-strcmp.o)
                0x080004d0                strcmp
 .text          0x080004e4       0x10 c:/ac6/systemworkbench/plugins/fr.ac6.mcu.externaltools.arm-none.win32_1.17.0.201812190825/tools/compiler/bin/../lib/gcc/arm-none-eabi/7.3.1/../../../../arm-none-eabi/lib/thumb/v7e-m/fpv4-sp/hard\libc_nano.a(lib_a-strlen.o)
                0x080004e4                strlen
 *fill*         0x080004f4        0xc 
 .text          0x08000500       0xa0 c:/ac6/systemworkbench/plugins/fr.ac6.mcu.externaltools.arm-none.win32_1.17.0.201812190825/tools/compiler/bin/../lib/gcc/arm-none-eabi/7.3.1/../../../../arm-none-eabi/lib/thumb/v7e-m/fpv4-sp/hard\libc_nano.a(lib_a-memchr.o)
                0x08000500                memchr
 *(.text*)
 .text.Send_Uart
                0x080005a0       0x1c Core/Src/File_Handling.o
                0x080005a0                Send_Uart
 .text.Mount_USB
                0x080005bc       0x38 Core/Src/File_Handling.o
                0x080005bc                Mount_USB
 .text.Unmount_USB
                0x080005f4       0x34 Core/Src/File_Handling.o
                0x080005f4                Unmount_USB
 .text.Scan_USB
                0x08000628      0x104 Core/Src/File_Handling.o
                0x08000628                Scan_USB
 .text.MX_GPIO_Init
                0x0800072c      0x18c Core/Src/main.o
 .text.MX_I2C1_Init
                0x080008b8       0x34 Core/Src/main.o
 .text.MX_I2S3_Init
                0x080008ec       0x34 Core/Src/main.o
 .text.MX_SPI1_Init
                0x08000920       0x38 Core/Src/main.o
 .text.MX_USART2_UART_Init
                0x08000958       0x2c Core/Src/main.o
 .text.SystemClock_Config
                0x08000984       0xb0 Core/Src/main.o
                0x08000984                SystemClock_Config
 .text.bootloader_jump_user_app
                0x08000a34       0x1c Core/Src/main.o
                0x08000a34                bootloader_jump_user_app
 .text.main     0x08000a50       0x80 Core/Src/main.o
                0x08000a50                main
 .text.Error_Handler
                0x08000ad0        0x2 Core/Src/main.o
                0x08000ad0                Error_Handler
 *fill*         0x08000ad2        0x2 
 .text.HAL_MspInit
                0x08000ad4       0x40 Core/Src/stm32f4xx_hal_msp.o
                0x08000ad4                HAL_MspInit
 .text.HAL_I2C_MspInit
                0x08000b14       0x70 Core/Src/stm32f4xx_hal_msp.o
                0x08000b14                HAL_I2C_MspInit
 .text.HAL_I2S_MspInit
                0x08000b84       0x98 Core/Src/stm32f4xx_hal_msp.o
                0x08000b84                HAL_I2S_MspInit
 .text.HAL_SPI_MspInit
                0x08000c1c       0x6c Core/Src/stm32f4xx_hal_msp.o
                0x08000c1c                HAL_SPI_MspInit
 .text.HAL_UART_MspInit
                0x08000c88       0x70 Core/Src/stm32f4xx_hal_msp.o
                0x08000c88                HAL_UART_MspInit
 .text.NMI_Handler
                0x08000cf8        0x2 Core/Src/stm32f4xx_it.o
                0x08000cf8                NMI_Handler
 .text.HardFault_Handler
                0x08000cfa        0x2 Core/Src/stm32f4xx_it.o
                0x08000cfa                HardFault_Handler
 .text.MemManage_Handler
                0x08000cfc        0x2 Core/Src/stm32f4xx_it.o
                0x08000cfc                MemManage_Handler
 .text.BusFault_Handler
                0x08000cfe        0x2 Core/Src/stm32f4xx_it.o
                0x08000cfe                BusFault_Handler
 .text.UsageFault_Handler
                0x08000d00        0x2 Core/Src/stm32f4xx_it.o
                0x08000d00                UsageFault_Handler
 .text.SVC_Handler
                0x08000d02        0x2 Core/Src/stm32f4xx_it.o
                0x08000d02                SVC_Handler
 .text.DebugMon_Handler
                0x08000d04        0x2 Core/Src/stm32f4xx_it.o
                0x08000d04                DebugMon_Handler
 .text.PendSV_Handler
                0x08000d06        0x2 Core/Src/stm32f4xx_it.o
                0x08000d06                PendSV_Handler
 .text.SysTick_Handler
                0x08000d08        0xc Core/Src/stm32f4xx_it.o
                0x08000d08                SysTick_Handler
 .text.OTG_FS_IRQHandler
                0x08000d14       0x10 Core/Src/stm32f4xx_it.o
                0x08000d14                OTG_FS_IRQHandler
 .text._sbrk    0x08000d24       0x3c Core/Src/syscalls.o
                0x08000d24                _sbrk
 .text.SystemInit
                0x08000d60       0x1c Core/Src/system_stm32f4xx.o
                0x08000d60                SystemInit
 .text.searchTimerId
                0x08000d7c       0x20 Core/Src/systick_timer.o
                0x08000d7c                searchTimerId
 .text.addTimer
                0x08000d9c       0x44 Core/Src/systick_timer.o
                0x08000d9c                addTimer
 .text.startTimer
                0x08000de0       0x4c Core/Src/systick_timer.o
                0x08000de0                startTimer
 .text.stopTimer
                0x08000e2c       0x28 Core/Src/systick_timer.o
                0x08000e2c                stopTimer
 .text.isTimerComplete
                0x08000e54       0x30 Core/Src/systick_timer.o
                0x08000e54                isTimerComplete
 .text.HAL_SYSTICK_Callback
                0x08000e84       0x3c Core/Src/systick_timer.o
                0x08000e84                HAL_SYSTICK_Callback
 .text.HAL_InitTick
                0x08000ec0       0x48 Drivers/STM32F4xx_HAL_Driver/Src/stm32f4xx_hal.o
                0x08000ec0                HAL_InitTick
 .text.HAL_Init
                0x08000f08       0x34 Drivers/STM32F4xx_HAL_Driver/Src/stm32f4xx_hal.o
                0x08000f08                HAL_Init
 .text.HAL_IncTick
                0x08000f3c       0x18 Drivers/STM32F4xx_HAL_Driver/Src/stm32f4xx_hal.o
                0x08000f3c                HAL_IncTick
 .text.HAL_GetTick
                0x08000f54        0xc Drivers/STM32F4xx_HAL_Driver/Src/stm32f4xx_hal.o
                0x08000f54                HAL_GetTick
 .text.HAL_Delay
                0x08000f60       0x28 Drivers/STM32F4xx_HAL_Driver/Src/stm32f4xx_hal.o
                0x08000f60                HAL_Delay
 .text.HAL_NVIC_SetPriorityGrouping
                0x08000f88       0x24 Drivers/STM32F4xx_HAL_Driver/Src/stm32f4xx_hal_cortex.o
                0x08000f88                HAL_NVIC_SetPriorityGrouping
 .text.HAL_NVIC_SetPriority
                0x08000fac       0x68 Drivers/STM32F4xx_HAL_Driver/Src/stm32f4xx_hal_cortex.o
                0x08000fac                HAL_NVIC_SetPriority
 .text.HAL_NVIC_EnableIRQ
                0x08001014       0x1c Drivers/STM32F4xx_HAL_Driver/Src/stm32f4xx_hal_cortex.o
                0x08001014                HAL_NVIC_EnableIRQ
 .text.HAL_SYSTICK_Config
                0x08001030       0x2c Drivers/STM32F4xx_HAL_Driver/Src/stm32f4xx_hal_cortex.o
                0x08001030                HAL_SYSTICK_Config
 .text.HAL_SYSTICK_IRQHandler
                0x0800105c        0x8 Drivers/STM32F4xx_HAL_Driver/Src/stm32f4xx_hal_cortex.o
                0x0800105c                HAL_SYSTICK_IRQHandler
 .text.HAL_GPIO_Init
                0x08001064      0x1c8 Drivers/STM32F4xx_HAL_Driver/Src/stm32f4xx_hal_gpio.o
                0x08001064                HAL_GPIO_Init
 .text.HAL_GPIO_WritePin
                0x0800122c        0xc Drivers/STM32F4xx_HAL_Driver/Src/stm32f4xx_hal_gpio.o
                0x0800122c                HAL_GPIO_WritePin
 .text.HAL_GPIO_TogglePin
                0x08001238       0x12 Drivers/STM32F4xx_HAL_Driver/Src/stm32f4xx_hal_gpio.o
                0x08001238                HAL_GPIO_TogglePin
 *fill*         0x0800124a        0x2 
 .text.HCD_RXQLVL_IRQHandler
                0x0800124c       0x7c Drivers/STM32F4xx_HAL_Driver/Src/stm32f4xx_hal_hcd.o
 .text.HAL_HCD_HC_Init
                0x080012c8       0xa0 Drivers/STM32F4xx_HAL_Driver/Src/stm32f4xx_hal_hcd.o
                0x080012c8                HAL_HCD_HC_Init
 .text.HAL_HCD_HC_Halt
                0x08001368       0x24 Drivers/STM32F4xx_HAL_Driver/Src/stm32f4xx_hal_hcd.o
                0x08001368                HAL_HCD_HC_Halt
 .text.HAL_HCD_Init
                0x0800138c       0x94 Drivers/STM32F4xx_HAL_Driver/Src/stm32f4xx_hal_hcd.o
                0x0800138c                HAL_HCD_Init
 .text.HAL_HCD_HC_SubmitRequest
                0x08001420      0x196 Drivers/STM32F4xx_HAL_Driver/Src/stm32f4xx_hal_hcd.o
                0x08001420                HAL_HCD_HC_SubmitRequest
 .text.HCD_Port_IRQHandler
                0x080015b6       0xb0 Drivers/STM32F4xx_HAL_Driver/Src/stm32f4xx_hal_hcd.o
 .text.HCD_HC_IN_IRQHandler
                0x08001666      0x32c Drivers/STM32F4xx_HAL_Driver/Src/stm32f4xx_hal_hcd.o
 .text.HCD_HC_OUT_IRQHandler
                0x08001992      0x2b4 Drivers/STM32F4xx_HAL_Driver/Src/stm32f4xx_hal_hcd.o
 .text.HAL_HCD_IRQHandler
                0x08001c46      0x146 Drivers/STM32F4xx_HAL_Driver/Src/stm32f4xx_hal_hcd.o
                0x08001c46                HAL_HCD_IRQHandler
 .text.HAL_HCD_Start
                0x08001d8c       0x2c Drivers/STM32F4xx_HAL_Driver/Src/stm32f4xx_hal_hcd.o
                0x08001d8c                HAL_HCD_Start
 .text.HAL_HCD_Stop
                0x08001db8       0x24 Drivers/STM32F4xx_HAL_Driver/Src/stm32f4xx_hal_hcd.o
                0x08001db8                HAL_HCD_Stop
 .text.HAL_HCD_ResetPort
                0x08001ddc        0xa Drivers/STM32F4xx_HAL_Driver/Src/stm32f4xx_hal_hcd.o
                0x08001ddc                HAL_HCD_ResetPort
 .text.HAL_HCD_HC_GetURBState
                0x08001de6        0xe Drivers/STM32F4xx_HAL_Driver/Src/stm32f4xx_hal_hcd.o
                0x08001de6                HAL_HCD_HC_GetURBState
 .text.HAL_HCD_HC_GetXferCount
                0x08001df4        0xc Drivers/STM32F4xx_HAL_Driver/Src/stm32f4xx_hal_hcd.o
                0x08001df4                HAL_HCD_HC_GetXferCount
 .text.HAL_HCD_GetCurrentFrame
                0x08001e00        0xa Drivers/STM32F4xx_HAL_Driver/Src/stm32f4xx_hal_hcd.o
                0x08001e00                HAL_HCD_GetCurrentFrame
 .text.HAL_HCD_GetCurrentSpeed
                0x08001e0a        0xa Drivers/STM32F4xx_HAL_Driver/Src/stm32f4xx_hal_hcd.o
                0x08001e0a                HAL_HCD_GetCurrentSpeed
 .text.HAL_I2C_Init
                0x08001e14      0x1b4 Drivers/STM32F4xx_HAL_Driver/Src/stm32f4xx_hal_i2c.o
                0x08001e14                HAL_I2C_Init
 .text.HAL_I2S_Init
                0x08001fc8      0x19c Drivers/STM32F4xx_HAL_Driver/Src/stm32f4xx_hal_i2s.o
                0x08001fc8                HAL_I2S_Init
 .text.HAL_I2S_TxCpltCallback
                0x08002164        0x2 Drivers/STM32F4xx_HAL_Driver/Src/stm32f4xx_hal_i2s.o
                0x08002164                HAL_I2S_TxCpltCallback
 .text.I2S_Transmit_IT
                0x08002166       0x36 Drivers/STM32F4xx_HAL_Driver/Src/stm32f4xx_hal_i2s.o
 .text.HAL_I2S_RxCpltCallback
                0x0800219c        0x2 Drivers/STM32F4xx_HAL_Driver/Src/stm32f4xx_hal_i2s.o
                0x0800219c                HAL_I2S_RxCpltCallback
 .text.I2S_Receive_IT
                0x0800219e       0x36 Drivers/STM32F4xx_HAL_Driver/Src/stm32f4xx_hal_i2s.o
 .text.HAL_I2S_ErrorCallback
                0x080021d4        0x2 Drivers/STM32F4xx_HAL_Driver/Src/stm32f4xx_hal_i2s.o
                0x080021d4                HAL_I2S_ErrorCallback
 .text.I2S_IRQHandler
                0x080021d6       0xd0 Drivers/STM32F4xx_HAL_Driver/Src/stm32f4xx_hal_i2s.o
 .text.HAL_I2SEx_TxRxCpltCallback
                0x080022a6        0x2 Drivers/STM32F4xx_HAL_Driver/Src/stm32f4xx_hal_i2s_ex.o
                0x080022a6                HAL_I2SEx_TxRxCpltCallback
 .text.I2SEx_TxISR_I2S
                0x080022a8       0x3a Drivers/STM32F4xx_HAL_Driver/Src/stm32f4xx_hal_i2s_ex.o
 *fill*         0x080022e2        0x2 
 .text.I2SEx_RxISR_I2SExt
                0x080022e4       0x60 Drivers/STM32F4xx_HAL_Driver/Src/stm32f4xx_hal_i2s_ex.o
 .text.I2SEx_TxISR_I2SExt
                0x08002344       0x60 Drivers/STM32F4xx_HAL_Driver/Src/stm32f4xx_hal_i2s_ex.o
 .text.I2SEx_RxISR_I2S
                0x080023a4       0x3a Drivers/STM32F4xx_HAL_Driver/Src/stm32f4xx_hal_i2s_ex.o
 *fill*         0x080023de        0x2 
 .text.HAL_I2SEx_FullDuplex_IRQHandler
                0x080023e0      0x1d8 Drivers/STM32F4xx_HAL_Driver/Src/stm32f4xx_hal_i2s_ex.o
                0x080023e0                HAL_I2SEx_FullDuplex_IRQHandler
 .text.HAL_RCC_OscConfig
                0x080025b8      0x3ec Drivers/STM32F4xx_HAL_Driver/Src/stm32f4xx_hal_rcc.o
                0x080025b8                HAL_RCC_OscConfig
 .text.HAL_RCC_GetSysClockFreq
                0x080029a4       0xd8 Drivers/STM32F4xx_HAL_Driver/Src/stm32f4xx_hal_rcc.o
                0x080029a4                HAL_RCC_GetSysClockFreq
 .text.HAL_RCC_ClockConfig
                0x08002a7c      0x160 Drivers/STM32F4xx_HAL_Driver/Src/stm32f4xx_hal_rcc.o
                0x08002a7c                HAL_RCC_ClockConfig
 .text.HAL_RCC_GetHCLKFreq
                0x08002bdc        0xc Drivers/STM32F4xx_HAL_Driver/Src/stm32f4xx_hal_rcc.o
                0x08002bdc                HAL_RCC_GetHCLKFreq
 .text.HAL_RCC_GetPCLK1Freq
                0x08002be8       0x20 Drivers/STM32F4xx_HAL_Driver/Src/stm32f4xx_hal_rcc.o
                0x08002be8                HAL_RCC_GetPCLK1Freq
 .text.HAL_RCC_GetPCLK2Freq
                0x08002c08       0x20 Drivers/STM32F4xx_HAL_Driver/Src/stm32f4xx_hal_rcc.o
                0x08002c08                HAL_RCC_GetPCLK2Freq
 .text.HAL_RCCEx_PeriphCLKConfig
                0x08002c28      0x154 Drivers/STM32F4xx_HAL_Driver/Src/stm32f4xx_hal_rcc_ex.o
                0x08002c28                HAL_RCCEx_PeriphCLKConfig
 .text.HAL_RCCEx_GetPeriphCLKFreq
                0x08002d7c       0x74 Drivers/STM32F4xx_HAL_Driver/Src/stm32f4xx_hal_rcc_ex.o
                0x08002d7c                HAL_RCCEx_GetPeriphCLKFreq
 .text.HAL_SPI_Init
                0x08002df0       0x80 Drivers/STM32F4xx_HAL_Driver/Src/stm32f4xx_hal_spi.o
                0x08002df0                HAL_SPI_Init
 .text.UART_SetConfig
                0x08002e70      0x218 Drivers/STM32F4xx_HAL_Driver/Src/stm32f4xx_hal_uart.o
 .text.UART_WaitOnFlagUntilTimeout
                0x08003088       0x62 Drivers/STM32F4xx_HAL_Driver/Src/stm32f4xx_hal_uart.o
 .text.HAL_UART_Init
                0x080030ea       0x5e Drivers/STM32F4xx_HAL_Driver/Src/stm32f4xx_hal_uart.o
                0x080030ea                HAL_UART_Init
 .text.HAL_UART_Transmit
                0x08003148       0xe2 Drivers/STM32F4xx_HAL_Driver/Src/stm32f4xx_hal_uart.o
                0x08003148                HAL_UART_Transmit
 *fill*         0x0800322a        0x2 
 .text.USB_CoreReset
                0x0800322c       0x3c Drivers/STM32F4xx_HAL_Driver/Src/stm32f4xx_ll_usb.o
 .text.USB_CoreInit
                0x08003268       0x8a Drivers/STM32F4xx_HAL_Driver/Src/stm32f4xx_ll_usb.o
                0x08003268                USB_CoreInit
 .text.USB_EnableGlobalInt
                0x080032f2        0xc Drivers/STM32F4xx_HAL_Driver/Src/stm32f4xx_ll_usb.o
                0x080032f2                USB_EnableGlobalInt
 .text.USB_DisableGlobalInt
                0x080032fe        0xc Drivers/STM32F4xx_HAL_Driver/Src/stm32f4xx_ll_usb.o
                0x080032fe                USB_DisableGlobalInt
 .text.USB_SetCurrentMode
                0x0800330a       0x30 Drivers/STM32F4xx_HAL_Driver/Src/stm32f4xx_ll_usb.o
                0x0800330a                USB_SetCurrentMode
 *fill*         0x0800333a        0x2 
 .text.USB_FlushTxFifo
                0x0800333c       0x28 Drivers/STM32F4xx_HAL_Driver/Src/stm32f4xx_ll_usb.o
                0x0800333c                USB_FlushTxFifo
 .text.USB_FlushRxFifo
                0x08003364       0x24 Drivers/STM32F4xx_HAL_Driver/Src/stm32f4xx_ll_usb.o
                0x08003364                USB_FlushRxFifo
 .text.USB_WritePacket
                0x08003388       0x28 Drivers/STM32F4xx_HAL_Driver/Src/stm32f4xx_ll_usb.o
                0x08003388                USB_WritePacket
 .text.USB_ReadPacket
                0x080033b0       0x28 Drivers/STM32F4xx_HAL_Driver/Src/stm32f4xx_ll_usb.o
                0x080033b0                USB_ReadPacket
 .text.USB_ReadInterrupts
                0x080033d8        0x8 Drivers/STM32F4xx_HAL_Driver/Src/stm32f4xx_ll_usb.o
                0x080033d8                USB_ReadInterrupts
 .text.USB_GetMode
                0x080033e0        0x8 Drivers/STM32F4xx_HAL_Driver/Src/stm32f4xx_ll_usb.o
                0x080033e0                USB_GetMode
 .text.USB_InitFSLSPClkSel
                0x080033e8       0x40 Drivers/STM32F4xx_HAL_Driver/Src/stm32f4xx_ll_usb.o
                0x080033e8                USB_InitFSLSPClkSel
 .text.USB_ResetPort
                0x08003428       0x3e Drivers/STM32F4xx_HAL_Driver/Src/stm32f4xx_ll_usb.o
                0x08003428                USB_ResetPort
 .text.USB_DriveVbus
                0x08003466       0x46 Drivers/STM32F4xx_HAL_Driver/Src/stm32f4xx_ll_usb.o
                0x08003466                USB_DriveVbus
 .text.USB_HostInit
                0x080034ac       0xfc Drivers/STM32F4xx_HAL_Driver/Src/stm32f4xx_ll_usb.o
                0x080034ac                USB_HostInit
 .text.USB_GetHostSpeed
                0x080035a8       0x16 Drivers/STM32F4xx_HAL_Driver/Src/stm32f4xx_ll_usb.o
                0x080035a8                USB_GetHostSpeed
 .text.USB_GetCurrentFrame
                0x080035be        0xa Drivers/STM32F4xx_HAL_Driver/Src/stm32f4xx_ll_usb.o
                0x080035be                USB_GetCurrentFrame
 .text.USB_HC_Init
                0x080035c8      0x108 Drivers/STM32F4xx_HAL_Driver/Src/stm32f4xx_ll_usb.o
                0x080035c8                USB_HC_Init
 .text.USB_HC_ReadInterrupt
                0x080036d0        0xa Drivers/STM32F4xx_HAL_Driver/Src/stm32f4xx_ll_usb.o
                0x080036d0                USB_HC_ReadInterrupt
 .text.USB_HC_Halt
                0x080036da       0xd0 Drivers/STM32F4xx_HAL_Driver/Src/stm32f4xx_ll_usb.o
                0x080036da                USB_HC_Halt
 *fill*         0x080037aa        0x2 
 .text.USB_DoPing
                0x080037ac       0x24 Drivers/STM32F4xx_HAL_Driver/Src/stm32f4xx_ll_usb.o
                0x080037ac                USB_DoPing
 .text.USB_HC_StartXfer
                0x080037d0      0x158 Drivers/STM32F4xx_HAL_Driver/Src/stm32f4xx_ll_usb.o
                0x080037d0                USB_HC_StartXfer
 .text.USB_StopHost
                0x08003928       0x7e Drivers/STM32F4xx_HAL_Driver/Src/stm32f4xx_ll_usb.o
                0x08003928                USB_StopHost
 *fill*         0x080039a6        0x2 
 .text.MX_FATFS_Init
                0x080039a8       0x1c FATFS/App/fatfs.o
                0x080039a8                MX_FATFS_Init
 .text.USBH_initialize
                0x080039c4        0x4 FATFS/Target/usbh_diskio.o
                0x080039c4                USBH_initialize
 .text.USBH_status
                0x080039c8       0x18 FATFS/Target/usbh_diskio.o
                0x080039c8                USBH_status
 .text.USBH_read
                0x080039e0       0x40 FATFS/Target/usbh_diskio.o
                0x080039e0                USBH_read
 .text.USBH_ioctl
                0x08003a20       0x68 FATFS/Target/usbh_diskio.o
                0x08003a20                USBH_ioctl
 .text.USBH_write
                0x08003a88       0x4c FATFS/Target/usbh_diskio.o
                0x08003a88                USBH_write
 .text.USBH_MSC_SOFProcess
                0x08003ad4        0x4 Middlewares/ST/STM32_USB_Host_Library/Class/MSC/Src/usbh_msc.o
 .text.USBH_MSC_Process
                0x08003ad8      0x2a2 Middlewares/ST/STM32_USB_Host_Library/Class/MSC/Src/usbh_msc.o
 .text.USBH_MSC_ClassRequest
                0x08003d7a       0x70 Middlewares/ST/STM32_USB_Host_Library/Class/MSC/Src/usbh_msc.o
 .text.USBH_MSC_InterfaceDeInit
                0x08003dea       0x50 Middlewares/ST/STM32_USB_Host_Library/Class/MSC/Src/usbh_msc.o
 .text.USBH_MSC_InterfaceInit
                0x08003e3a      0x130 Middlewares/ST/STM32_USB_Host_Library/Class/MSC/Src/usbh_msc.o
 .text.USBH_MSC_RdWrProcess
                0x08003f6a       0xfc Middlewares/ST/STM32_USB_Host_Library/Class/MSC/Src/usbh_msc.o
 .text.USBH_MSC_UnitIsReady
                0x08004066       0x26 Middlewares/ST/STM32_USB_Host_Library/Class/MSC/Src/usbh_msc.o
                0x08004066                USBH_MSC_UnitIsReady
 .text.USBH_MSC_GetLUNInfo
                0x0800408c       0x44 Middlewares/ST/STM32_USB_Host_Library/Class/MSC/Src/usbh_msc.o
                0x0800408c                USBH_MSC_GetLUNInfo
 .text.USBH_MSC_Read
                0x080040d0       0x94 Middlewares/ST/STM32_USB_Host_Library/Class/MSC/Src/usbh_msc.o
                0x080040d0                USBH_MSC_Read
 .text.USBH_MSC_Write
                0x08004164       0x94 Middlewares/ST/STM32_USB_Host_Library/Class/MSC/Src/usbh_msc.o
                0x08004164                USBH_MSC_Write
 .text.USBH_MSC_DecodeCSW
                0x080041f8       0x50 Middlewares/ST/STM32_USB_Host_Library/Class/MSC/Src/usbh_msc_bot.o
 .text.USBH_MSC_BOT_Abort
                0x08004248       0x22 Middlewares/ST/STM32_USB_Host_Library/Class/MSC/Src/usbh_msc_bot.o
 .text.USBH_MSC_BOT_REQ_Reset
                0x0800426a       0x1a Middlewares/ST/STM32_USB_Host_Library/Class/MSC/Src/usbh_msc_bot.o
                0x0800426a                USBH_MSC_BOT_REQ_Reset
 .text.USBH_MSC_BOT_REQ_GetMaxLUN
                0x08004284       0x1a Middlewares/ST/STM32_USB_Host_Library/Class/MSC/Src/usbh_msc_bot.o
                0x08004284                USBH_MSC_BOT_REQ_GetMaxLUN
 *fill*         0x0800429e        0x2 
 .text.USBH_MSC_BOT_Init
                0x080042a0       0x24 Middlewares/ST/STM32_USB_Host_Library/Class/MSC/Src/usbh_msc_bot.o
                0x080042a0                USBH_MSC_BOT_Init
 .text.USBH_MSC_BOT_Process
                0x080042c4      0x262 Middlewares/ST/STM32_USB_Host_Library/Class/MSC/Src/usbh_msc_bot.o
                0x080042c4                USBH_MSC_BOT_Process
 .text.USBH_MSC_SCSI_TestUnitReady
                0x08004526       0x4e Middlewares/ST/STM32_USB_Host_Library/Class/MSC/Src/usbh_msc_scsi.o
                0x08004526                USBH_MSC_SCSI_TestUnitReady
 .text.USBH_MSC_SCSI_ReadCapacity
                0x08004574       0x8e Middlewares/ST/STM32_USB_Host_Library/Class/MSC/Src/usbh_msc_scsi.o
                0x08004574                USBH_MSC_SCSI_ReadCapacity
 .text.USBH_MSC_SCSI_Inquiry
                0x08004602       0xd8 Middlewares/ST/STM32_USB_Host_Library/Class/MSC/Src/usbh_msc_scsi.o
                0x08004602                USBH_MSC_SCSI_Inquiry
 .text.USBH_MSC_SCSI_RequestSense
                0x080046da       0x94 Middlewares/ST/STM32_USB_Host_Library/Class/MSC/Src/usbh_msc_scsi.o
                0x080046da                USBH_MSC_SCSI_RequestSense
 .text.USBH_MSC_SCSI_Write
                0x0800476e       0x8a Middlewares/ST/STM32_USB_Host_Library/Class/MSC/Src/usbh_msc_scsi.o
                0x0800476e                USBH_MSC_SCSI_Write
 .text.USBH_MSC_SCSI_Read
                0x080047f8       0x8c Middlewares/ST/STM32_USB_Host_Library/Class/MSC/Src/usbh_msc_scsi.o
                0x080047f8                USBH_MSC_SCSI_Read
 .text.DeInitStateMachine
                0x08004884       0x54 Middlewares/ST/STM32_USB_Host_Library/Core/Src/usbh_core.o
 .text.USBH_HandleSof
                0x080048d8       0x1a Middlewares/ST/STM32_USB_Host_Library/Core/Src/usbh_core.o
 .text.USBH_HandleEnum
                0x080048f2      0x276 Middlewares/ST/STM32_USB_Host_Library/Core/Src/usbh_core.o
 .text.USBH_Init
                0x08004b68       0x3e Middlewares/ST/STM32_USB_Host_Library/Core/Src/usbh_core.o
                0x08004b68                USBH_Init
 .text.USBH_RegisterClass
                0x08004ba6       0x22 Middlewares/ST/STM32_USB_Host_Library/Core/Src/usbh_core.o
                0x08004ba6                USBH_RegisterClass
 .text.USBH_SelectInterface
                0x08004bc8       0x14 Middlewares/ST/STM32_USB_Host_Library/Core/Src/usbh_core.o
                0x08004bc8                USBH_SelectInterface
 .text.USBH_FindInterface
                0x08004bdc       0x50 Middlewares/ST/STM32_USB_Host_Library/Core/Src/usbh_core.o
                0x08004bdc                USBH_FindInterface
 .text.USBH_Start
                0x08004c2c       0x14 Middlewares/ST/STM32_USB_Host_Library/Core/Src/usbh_core.o
                0x08004c2c                USBH_Start
 .text.USBH_Process
                0x08004c40      0x27e Middlewares/ST/STM32_USB_Host_Library/Core/Src/usbh_core.o
                0x08004c40                USBH_Process
 .text.USBH_LL_SetTimer
                0x08004ebe        0x6 Middlewares/ST/STM32_USB_Host_Library/Core/Src/usbh_core.o
                0x08004ebe                USBH_LL_SetTimer
 .text.USBH_LL_IncTimer
                0x08004ec4       0x12 Middlewares/ST/STM32_USB_Host_Library/Core/Src/usbh_core.o
                0x08004ec4                USBH_LL_IncTimer
 .text.USBH_LL_PortEnabled
                0x08004ed6        0x8 Middlewares/ST/STM32_USB_Host_Library/Core/Src/usbh_core.o
                0x08004ed6                USBH_LL_PortEnabled
 .text.USBH_LL_PortDisabled
                0x08004ede        0x8 Middlewares/ST/STM32_USB_Host_Library/Core/Src/usbh_core.o
                0x08004ede                USBH_LL_PortDisabled
 .text.USBH_LL_Connect
                0x08004ee6       0x14 Middlewares/ST/STM32_USB_Host_Library/Core/Src/usbh_core.o
                0x08004ee6                USBH_LL_Connect
 .text.USBH_LL_Disconnect
                0x08004efa       0x2c Middlewares/ST/STM32_USB_Host_Library/Core/Src/usbh_core.o
                0x08004efa                USBH_LL_Disconnect
 .text.USBH_ParseDevDesc
                0x08004f26       0x5c Middlewares/ST/STM32_USB_Host_Library/Core/Src/usbh_ctlreq.o
 .text.USBH_ParseInterfaceDesc
                0x08004f82       0x26 Middlewares/ST/STM32_USB_Host_Library/Core/Src/usbh_ctlreq.o
 .text.USBH_ParseEPDesc
                0x08004fa8       0x20 Middlewares/ST/STM32_USB_Host_Library/Core/Src/usbh_ctlreq.o
 .text.USBH_ParseStringDesc
                0x08004fc8       0x3c Middlewares/ST/STM32_USB_Host_Library/Core/Src/usbh_ctlreq.o
 .text.USBH_HandleControl
                0x08005004      0x1de Middlewares/ST/STM32_USB_Host_Library/Core/Src/usbh_ctlreq.o
 .text.USBH_GetNextDesc
                0x080051e2        0xe Middlewares/ST/STM32_USB_Host_Library/Core/Src/usbh_ctlreq.o
                0x080051e2                USBH_GetNextDesc
 .text.USBH_ParseCfgDesc
                0x080051f0       0xc2 Middlewares/ST/STM32_USB_Host_Library/Core/Src/usbh_ctlreq.o
 .text.USBH_CtlReq
                0x080052b2       0x44 Middlewares/ST/STM32_USB_Host_Library/Core/Src/usbh_ctlreq.o
                0x080052b2                USBH_CtlReq
 .text.USBH_GetDescriptor
                0x080052f6       0x3c Middlewares/ST/STM32_USB_Host_Library/Core/Src/usbh_ctlreq.o
                0x080052f6                USBH_GetDescriptor
 .text.USBH_Get_DevDesc
                0x08005332       0x32 Middlewares/ST/STM32_USB_Host_Library/Core/Src/usbh_ctlreq.o
                0x08005332                USBH_Get_DevDesc
 .text.USBH_Get_CfgDesc
                0x08005364       0x32 Middlewares/ST/STM32_USB_Host_Library/Core/Src/usbh_ctlreq.o
                0x08005364                USBH_Get_CfgDesc
 .text.USBH_Get_StringDesc
                0x08005396       0x30 Middlewares/ST/STM32_USB_Host_Library/Core/Src/usbh_ctlreq.o
                0x08005396                USBH_Get_StringDesc
 .text.USBH_SetAddress
                0x080053c6       0x22 Middlewares/ST/STM32_USB_Host_Library/Core/Src/usbh_ctlreq.o
                0x080053c6                USBH_SetAddress
 .text.USBH_SetCfg
                0x080053e8       0x22 Middlewares/ST/STM32_USB_Host_Library/Core/Src/usbh_ctlreq.o
                0x080053e8                USBH_SetCfg
 .text.USBH_SetFeature
                0x0800540a       0x22 Middlewares/ST/STM32_USB_Host_Library/Core/Src/usbh_ctlreq.o
                0x0800540a                USBH_SetFeature
 .text.USBH_ClrFeature
                0x0800542c       0x24 Middlewares/ST/STM32_USB_Host_Library/Core/Src/usbh_ctlreq.o
                0x0800542c                USBH_ClrFeature
 .text.USBH_CtlSendSetup
                0x08005450       0x22 Middlewares/ST/STM32_USB_Host_Library/Core/Src/usbh_ioreq.o
                0x08005450                USBH_CtlSendSetup
 .text.USBH_CtlSendData
                0x08005472       0x2c Middlewares/ST/STM32_USB_Host_Library/Core/Src/usbh_ioreq.o
                0x08005472                USBH_CtlSendData
 .text.USBH_CtlReceiveData
                0x0800549e       0x20 Middlewares/ST/STM32_USB_Host_Library/Core/Src/usbh_ioreq.o
                0x0800549e                USBH_CtlReceiveData
 .text.USBH_BulkSendData
                0x080054be       0x2c Middlewares/ST/STM32_USB_Host_Library/Core/Src/usbh_ioreq.o
                0x080054be                USBH_BulkSendData
 .text.USBH_BulkReceiveData
                0x080054ea       0x20 Middlewares/ST/STM32_USB_Host_Library/Core/Src/usbh_ioreq.o
                0x080054ea                USBH_BulkReceiveData
 .text.USBH_GetFreePipe
                0x0800550a       0x26 Middlewares/ST/STM32_USB_Host_Library/Core/Src/usbh_pipes.o
 .text.USBH_OpenPipe
                0x08005530       0x20 Middlewares/ST/STM32_USB_Host_Library/Core/Src/usbh_pipes.o
                0x08005530                USBH_OpenPipe
 .text.USBH_ClosePipe
                0x08005550        0xa Middlewares/ST/STM32_USB_Host_Library/Core/Src/usbh_pipes.o
                0x08005550                USBH_ClosePipe
 .text.USBH_AllocPipe
                0x0800555a       0x26 Middlewares/ST/STM32_USB_Host_Library/Core/Src/usbh_pipes.o
                0x0800555a                USBH_AllocPipe
 .text.USBH_FreePipe
                0x08005580       0x16 Middlewares/ST/STM32_USB_Host_Library/Core/Src/usbh_pipes.o
                0x08005580                USBH_FreePipe
 *fill*         0x08005596        0x2 
 .text.disk_status
                0x08005598       0x18 Middlewares/Third_Party/FatFs/src/diskio.o
                0x08005598                disk_status
 .text.disk_initialize
                0x080055b0       0x28 Middlewares/Third_Party/FatFs/src/diskio.o
                0x080055b0                disk_initialize
 .text.disk_read
                0x080055d8       0x18 Middlewares/Third_Party/FatFs/src/diskio.o
                0x080055d8                disk_read
 .text.disk_write
                0x080055f0       0x18 Middlewares/Third_Party/FatFs/src/diskio.o
                0x080055f0                disk_write
 .text.disk_ioctl
                0x08005608       0x18 Middlewares/Third_Party/FatFs/src/diskio.o
                0x08005608                disk_ioctl
 .text.ld_word  0x08005620        0xa Middlewares/Third_Party/FatFs/src/ff.o
 .text.ld_dword
                0x0800562a       0x16 Middlewares/Third_Party/FatFs/src/ff.o
 .text.ld_qword
                0x08005640       0xa8 Middlewares/Third_Party/FatFs/src/ff.o
 .text.st_word  0x080056e8        0x8 Middlewares/Third_Party/FatFs/src/ff.o
 .text.st_dword
                0x080056f0       0x14 Middlewares/Third_Party/FatFs/src/ff.o
 .text.mem_cpy  0x08005704       0x12 Middlewares/Third_Party/FatFs/src/ff.o
 .text.mem_set  0x08005716        0xa Middlewares/Third_Party/FatFs/src/ff.o
 .text.mem_cmp  0x08005720       0x1e Middlewares/Third_Party/FatFs/src/ff.o
 .text.chk_chr  0x0800573e       0x10 Middlewares/Third_Party/FatFs/src/ff.o
 *fill*         0x0800574e        0x2 
 .text.inc_lock
                0x08005750       0xa4 Middlewares/Third_Party/FatFs/src/ff.o
 .text.dec_lock
                0x080057f4       0x40 Middlewares/Third_Party/FatFs/src/ff.o
 .text.clear_lock
                0x08005834       0x3c Middlewares/Third_Party/FatFs/src/ff.o
 .text.clust2sect
                0x08005870       0x18 Middlewares/Third_Party/FatFs/src/ff.o
 .text.ld_clust
                0x08005888       0x26 Middlewares/Third_Party/FatFs/src/ff.o
 *fill*         0x080058ae        0x2 
 .text.pick_lfn
                0x080058b0       0x88 Middlewares/Third_Party/FatFs/src/ff.o
 .text.sum_sfn  0x08005938       0x1c Middlewares/Third_Party/FatFs/src/ff.o
 .text.xdir_sum
                0x08005954       0x30 Middlewares/Third_Party/FatFs/src/ff.o
 .text.get_ldnumber
                0x08005984       0x54 Middlewares/Third_Party/FatFs/src/ff.o
 .text.validate
                0x080059d8       0x48 Middlewares/Third_Party/FatFs/src/ff.o
 .text.sync_window
                0x08005a20       0x54 Middlewares/Third_Party/FatFs/src/ff.o
 .text.move_window
                0x08005a74       0x34 Middlewares/Third_Party/FatFs/src/ff.o
 .text.check_fs
                0x08005aa8       0x90 Middlewares/Third_Party/FatFs/src/ff.o
 .text.find_volume
                0x08005b38      0x4c0 Middlewares/Third_Party/FatFs/src/ff.o
 .text.find_bitmap
                0x08005ff8       0x92 Middlewares/Third_Party/FatFs/src/ff.o
 .text.change_bitmap
                0x0800608a       0x7e Middlewares/Third_Party/FatFs/src/ff.o
 .text.put_fat  0x08006108      0x158 Middlewares/Third_Party/FatFs/src/ff.o
 .text.fill_last_frag
                0x08006260       0x30 Middlewares/Third_Party/FatFs/src/ff.o
 .text.get_fat  0x08006290      0x1ae Middlewares/Third_Party/FatFs/src/ff.o
 .text.dir_sdi  0x0800643e       0xc4 Middlewares/Third_Party/FatFs/src/ff.o
 .text.create_chain
                0x08006502      0x184 Middlewares/Third_Party/FatFs/src/ff.o
 .text.dir_next
                0x08006686      0x12a Middlewares/Third_Party/FatFs/src/ff.o
 .text.load_xdir
                0x080067b0       0xf0 Middlewares/Third_Party/FatFs/src/ff.o
 .text.dir_read
                0x080068a0       0xea Middlewares/Third_Party/FatFs/src/ff.o
 *fill*         0x0800698a        0x2 
 .text.create_name
                0x0800698c      0x228 Middlewares/Third_Party/FatFs/src/ff.o
 .text.get_xdir_info
                0x08006bb4       0x82 Middlewares/Third_Party/FatFs/src/ff.o
 .text.get_fileinfo
                0x08006c36       0xfe Middlewares/Third_Party/FatFs/src/ff.o
 .text.xname_sum
                0x08006d34       0x36 Middlewares/Third_Party/FatFs/src/ff.o
 *fill*         0x08006d6a        0x2 
 .text.cmp_lfn  0x08006d6c       0xa4 Middlewares/Third_Party/FatFs/src/ff.o
 .text.dir_find
                0x08006e10      0x15c Middlewares/Third_Party/FatFs/src/ff.o
 .text.follow_path
                0x08006f6c       0xd4 Middlewares/Third_Party/FatFs/src/ff.o
 .text.f_mount  0x08007040       0x64 Middlewares/Third_Party/FatFs/src/ff.o
                0x08007040                f_mount
 .text.f_opendir
                0x080070a4       0xcc Middlewares/Third_Party/FatFs/src/ff.o
                0x080070a4                f_opendir
 .text.f_closedir
                0x08007170       0x28 Middlewares/Third_Party/FatFs/src/ff.o
                0x08007170                f_closedir
 .text.f_readdir
                0x08007198       0x4e Middlewares/Third_Party/FatFs/src/ff.o
                0x08007198                f_readdir
 *fill*         0x080071e6        0x2 
 .text.FATFS_LinkDriverEx
                0x080071e8       0x48 Middlewares/Third_Party/FatFs/src/ff_gen_drv.o
                0x080071e8                FATFS_LinkDriverEx
 .text.FATFS_LinkDriver
                0x08007230        0xa Middlewares/Third_Party/FatFs/src/ff_gen_drv.o
                0x08007230                FATFS_LinkDriver
 *fill*         0x0800723a        0x2 
 .text.ff_convert
                0x0800723c       0x38 Middlewares/Third_Party/FatFs/src/option/ccsbcs.o
                0x0800723c                ff_convert
 .text.ff_wtoupper
                0x08007274       0x9c Middlewares/Third_Party/FatFs/src/option/ccsbcs.o
                0x08007274                ff_wtoupper
 .text.USBH_UserProcess
                0x08007310       0x54 USB_HOST/App/usb_host.o
 .text.MX_USB_HOST_Init
                0x08007364       0x40 USB_HOST/App/usb_host.o
                0x08007364                MX_USB_HOST_Init
 .text.MX_USB_HOST_Process
                0x080073a4       0x10 USB_HOST/App/usb_host.o
                0x080073a4                MX_USB_HOST_Process
 .text.HAL_HCD_MspInit
                0x080073b4       0xb8 USB_HOST/Target/usbh_conf.o
                0x080073b4                HAL_HCD_MspInit
 .text.HAL_HCD_SOF_Callback
                0x0800746c        0xc USB_HOST/Target/usbh_conf.o
                0x0800746c                HAL_HCD_SOF_Callback
 .text.HAL_HCD_Connect_Callback
                0x08007478        0xc USB_HOST/Target/usbh_conf.o
                0x08007478                HAL_HCD_Connect_Callback
 .text.HAL_HCD_Disconnect_Callback
                0x08007484        0xc USB_HOST/Target/usbh_conf.o
                0x08007484                HAL_HCD_Disconnect_Callback
 .text.HAL_HCD_HC_NotifyURBChange_Callback
                0x08007490        0x2 USB_HOST/Target/usbh_conf.o
                0x08007490                HAL_HCD_HC_NotifyURBChange_Callback
 .text.HAL_HCD_PortEnabled_Callback
                0x08007492        0xc USB_HOST/Target/usbh_conf.o
                0x08007492                HAL_HCD_PortEnabled_Callback
 .text.HAL_HCD_PortDisabled_Callback
                0x0800749e        0xc USB_HOST/Target/usbh_conf.o
                0x0800749e                HAL_HCD_PortDisabled_Callback
 *fill*         0x080074aa        0x2 
 .text.USBH_LL_Init
                0x080074ac       0x54 USB_HOST/Target/usbh_conf.o
                0x080074ac                USBH_LL_Init
 .text.USBH_LL_GetSpeed
                0x08007500       0x1c USB_HOST/Target/usbh_conf.o
                0x08007500                USBH_LL_GetSpeed
 .text.USBH_LL_GetLastXferSize
                0x0800751c        0xc USB_HOST/Target/usbh_conf.o
                0x0800751c                USBH_LL_GetLastXferSize
 .text.USBH_LL_GetURBState
                0x08007528        0xc USB_HOST/Target/usbh_conf.o
                0x08007528                USBH_LL_GetURBState
 .text.USBH_LL_DriverVBUS
                0x08007534       0x1c USB_HOST/Target/usbh_conf.o
                0x08007534                USBH_LL_DriverVBUS
 .text.USBH_LL_SetToggle
                0x08007550       0x32 USB_HOST/Target/usbh_conf.o
                0x08007550                USBH_LL_SetToggle
 .text.USBH_LL_GetToggle
                0x08007582       0x2a USB_HOST/Target/usbh_conf.o
                0x08007582                USBH_LL_GetToggle
 .text.USBH_Delay
                0x080075ac        0x8 USB_HOST/Target/usbh_conf.o
                0x080075ac                USBH_Delay
 .text.USBH_Get_USB_Status
                0x080075b4       0x12 USB_HOST/Target/usbh_conf.o
                0x080075b4                USBH_Get_USB_Status
 .text.USBH_LL_Start
                0x080075c6       0x10 USB_HOST/Target/usbh_conf.o
                0x080075c6                USBH_LL_Start
 .text.USBH_LL_Stop
                0x080075d6       0x10 USB_HOST/Target/usbh_conf.o
                0x080075d6                USBH_LL_Stop
 .text.USBH_LL_ResetPort
                0x080075e6       0x10 USB_HOST/Target/usbh_conf.o
                0x080075e6                USBH_LL_ResetPort
 .text.USBH_LL_OpenPipe
                0x080075f6       0x26 USB_HOST/Target/usbh_conf.o
                0x080075f6                USBH_LL_OpenPipe
 .text.USBH_LL_ClosePipe
                0x0800761c       0x10 USB_HOST/Target/usbh_conf.o
                0x0800761c                USBH_LL_ClosePipe
 .text.USBH_LL_SubmitURB
                0x0800762c       0x2a USB_HOST/Target/usbh_conf.o
                0x0800762c                USBH_LL_SubmitURB
 *fill*         0x08007656        0x2 
 .text.MX_DriverVbusFS
                0x08007658       0x18 USB_HOST/Target/usbh_platform.o
                0x08007658                MX_DriverVbusFS
 .text.Reset_Handler
                0x08007670       0x50 startup/startup_stm32f407xx.o
                0x08007670                Reset_Handler
 .text.Default_Handler
                0x080076c0        0x2 startup/startup_stm32f407xx.o
                0x080076c0                RTC_Alarm_IRQHandler
                0x080076c0                HASH_RNG_IRQHandler
                0x080076c0                EXTI2_IRQHandler
                0x080076c0                TIM8_CC_IRQHandler
                0x080076c0                TIM1_CC_IRQHandler
                0x080076c0                DMA2_Stream5_IRQHandler
                0x080076c0                DMA1_Stream5_IRQHandler
                0x080076c0                PVD_IRQHandler
                0x080076c0                SDIO_IRQHandler
                0x080076c0                TAMP_STAMP_IRQHandler
                0x080076c0                CAN2_RX1_IRQHandler
                0x080076c0                EXTI3_IRQHandler
                0x080076c0                TIM8_TRG_COM_TIM14_IRQHandler
                0x080076c0                TIM1_UP_TIM10_IRQHandler
                0x080076c0                TIM8_UP_TIM13_IRQHandler
                0x080076c0                I2C3_ER_IRQHandler
                0x080076c0                EXTI0_IRQHandler
                0x080076c0                I2C2_EV_IRQHandler
                0x080076c0                DMA1_Stream2_IRQHandler
                0x080076c0                CAN1_RX0_IRQHandler
                0x080076c0                FPU_IRQHandler
                0x080076c0                OTG_HS_WKUP_IRQHandler
                0x080076c0                CAN2_SCE_IRQHandler
                0x080076c0                DMA2_Stream2_IRQHandler
                0x080076c0                SPI1_IRQHandler
                0x080076c0                TIM6_DAC_IRQHandler
                0x080076c0                TIM1_BRK_TIM9_IRQHandler
                0x080076c0                DCMI_IRQHandler
                0x080076c0                CAN2_RX0_IRQHandler
                0x080076c0                DMA2_Stream3_IRQHandler
                0x080076c0                USART6_IRQHandler
                0x080076c0                USART3_IRQHandler
                0x080076c0                CAN1_RX1_IRQHandler
                0x080076c0                UART5_IRQHandler
                0x080076c0                DMA2_Stream0_IRQHandler
                0x080076c0                TIM4_IRQHandler
                0x080076c0                I2C1_EV_IRQHandler
                0x080076c0                DMA1_Stream6_IRQHandler
                0x080076c0                DMA1_Stream1_IRQHandler
                0x080076c0                UART4_IRQHandler
                0x080076c0                TIM3_IRQHandler
                0x080076c0                RCC_IRQHandler
                0x080076c0                TIM8_BRK_TIM12_IRQHandler
                0x080076c0                Default_Handler
                0x080076c0                EXTI15_10_IRQHandler
                0x080076c0                ADC_IRQHandler
                0x080076c0                DMA1_Stream7_IRQHandler
                0x080076c0                TIM7_IRQHandler
                0x080076c0                CAN2_TX_IRQHandler
                0x080076c0                TIM5_IRQHandler
                0x080076c0                DMA2_Stream7_IRQHandler
                0x080076c0                I2C3_EV_IRQHandler
                0x080076c0                EXTI9_5_IRQHandler
                0x080076c0                RTC_WKUP_IRQHandler
                0x080076c0                ETH_WKUP_IRQHandler
                0x080076c0                SPI2_IRQHandler
                0x080076c0                OTG_HS_EP1_IN_IRQHandler
                0x080076c0                DMA1_Stream0_IRQHandler
                0x080076c0                CAN1_TX_IRQHandler
                0x080076c0                EXTI4_IRQHandler
                0x080076c0                FSMC_IRQHandler
                0x080076c0                ETH_IRQHandler
                0x080076c0                OTG_HS_EP1_OUT_IRQHandler
                0x080076c0                WWDG_IRQHandler
                0x080076c0                TIM2_IRQHandler
                0x080076c0                OTG_FS_WKUP_IRQHandler
                0x080076c0                TIM1_TRG_COM_TIM11_IRQHandler
                0x080076c0                OTG_HS_IRQHandler
                0x080076c0                EXTI1_IRQHandler
                0x080076c0                USART2_IRQHandler
                0x080076c0                I2C2_ER_IRQHandler
                0x080076c0                DMA2_Stream1_IRQHandler
                0x080076c0                CAN1_SCE_IRQHandler
                0x080076c0                FLASH_IRQHandler
                0x080076c0                DMA2_Stream4_IRQHandler
                0x080076c0                USART1_IRQHandler
                0x080076c0                SPI3_IRQHandler
                0x080076c0                DMA1_Stream4_IRQHandler
                0x080076c0                I2C1_ER_IRQHandler
                0x080076c0                DMA2_Stream6_IRQHandler
                0x080076c0                DMA1_Stream3_IRQHandler
 *fill*         0x080076c2        0x2 
 .text.__errno  0x080076c4        0xc c:/ac6/systemworkbench/plugins/fr.ac6.mcu.externaltools.arm-none.win32_1.17.0.201812190825/tools/compiler/bin/../lib/gcc/arm-none-eabi/7.3.1/../../../../arm-none-eabi/lib/thumb/v7e-m/fpv4-sp/hard\libc_nano.a(lib_a-errno.o)
                0x080076c4                __errno
 .text.__libc_init_array
                0x080076d0       0x48 c:/ac6/systemworkbench/plugins/fr.ac6.mcu.externaltools.arm-none.win32_1.17.0.201812190825/tools/compiler/bin/../lib/gcc/arm-none-eabi/7.3.1/../../../../arm-none-eabi/lib/thumb/v7e-m/fpv4-sp/hard\libc_nano.a(lib_a-init.o)
                0x080076d0                __libc_init_array
 .text.malloc   0x08007718       0x10 c:/ac6/systemworkbench/plugins/fr.ac6.mcu.externaltools.arm-none.win32_1.17.0.201812190825/tools/compiler/bin/../lib/gcc/arm-none-eabi/7.3.1/../../../../arm-none-eabi/lib/thumb/v7e-m/fpv4-sp/hard\libc_nano.a(lib_a-malloc.o)
                0x08007718                malloc
 .text.free     0x08007728       0x10 c:/ac6/systemworkbench/plugins/fr.ac6.mcu.externaltools.arm-none.win32_1.17.0.201812190825/tools/compiler/bin/../lib/gcc/arm-none-eabi/7.3.1/../../../../arm-none-eabi/lib/thumb/v7e-m/fpv4-sp/hard\libc_nano.a(lib_a-malloc.o)
                0x08007728                free
 .text.memset   0x08007738       0x10 c:/ac6/systemworkbench/plugins/fr.ac6.mcu.externaltools.arm-none.win32_1.17.0.201812190825/tools/compiler/bin/../lib/gcc/arm-none-eabi/7.3.1/../../../../arm-none-eabi/lib/thumb/v7e-m/fpv4-sp/hard\libc_nano.a(lib_a-memset.o)
                0x08007738                memset
 .text._free_r  0x08007748       0x9c c:/ac6/systemworkbench/plugins/fr.ac6.mcu.externaltools.arm-none.win32_1.17.0.201812190825/tools/compiler/bin/../lib/gcc/arm-none-eabi/7.3.1/../../../../arm-none-eabi/lib/thumb/v7e-m/fpv4-sp/hard\libc_nano.a(lib_a-nano-freer.o)
                0x08007748                _free_r
 .text._malloc_r
                0x080077e4       0xb4 c:/ac6/systemworkbench/plugins/fr.ac6.mcu.externaltools.arm-none.win32_1.17.0.201812190825/tools/compiler/bin/../lib/gcc/arm-none-eabi/7.3.1/../../../../arm-none-eabi/lib/thumb/v7e-m/fpv4-sp/hard\libc_nano.a(lib_a-nano-mallocr.o)
                0x080077e4                _malloc_r
 .text._sbrk_r  0x08007898       0x20 c:/ac6/systemworkbench/plugins/fr.ac6.mcu.externaltools.arm-none.win32_1.17.0.201812190825/tools/compiler/bin/../lib/gcc/arm-none-eabi/7.3.1/../../../../arm-none-eabi/lib/thumb/v7e-m/fpv4-sp/hard\libc_nano.a(lib_a-sbrkr.o)
                0x08007898                _sbrk_r
 .text.sprintf  0x080078b8       0x40 c:/ac6/systemworkbench/plugins/fr.ac6.mcu.externaltools.arm-none.win32_1.17.0.201812190825/tools/compiler/bin/../lib/gcc/arm-none-eabi/7.3.1/../../../../arm-none-eabi/lib/thumb/v7e-m/fpv4-sp/hard\libc_nano.a(lib_a-sprintf.o)
                0x080078b8                siprintf
                0x080078b8                sprintf
 .text.strcpy   0x080078f8       0x10 c:/ac6/systemworkbench/plugins/fr.ac6.mcu.externaltools.arm-none.win32_1.17.0.201812190825/tools/compiler/bin/../lib/gcc/arm-none-eabi/7.3.1/../../../../arm-none-eabi/lib/thumb/v7e-m/fpv4-sp/hard\libc_nano.a(lib_a-strcpy.o)
                0x080078f8                strcpy
 .text.__malloc_lock
                0x08007908        0x2 c:/ac6/systemworkbench/plugins/fr.ac6.mcu.externaltools.arm-none.win32_1.17.0.201812190825/tools/compiler/bin/../lib/gcc/arm-none-eabi/7.3.1/../../../../arm-none-eabi/lib/thumb/v7e-m/fpv4-sp/hard\libc_nano.a(lib_a-mlock.o)
                0x08007908                __malloc_lock
 .text.__malloc_unlock
                0x0800790a        0x2 c:/ac6/systemworkbench/plugins/fr.ac6.mcu.externaltools.arm-none.win32_1.17.0.201812190825/tools/compiler/bin/../lib/gcc/arm-none-eabi/7.3.1/../../../../arm-none-eabi/lib/thumb/v7e-m/fpv4-sp/hard\libc_nano.a(lib_a-mlock.o)
                0x0800790a                __malloc_unlock
 .text.__ssputs_r
                0x0800790c       0xb4 c:/ac6/systemworkbench/plugins/fr.ac6.mcu.externaltools.arm-none.win32_1.17.0.201812190825/tools/compiler/bin/../lib/gcc/arm-none-eabi/7.3.1/../../../../arm-none-eabi/lib/thumb/v7e-m/fpv4-sp/hard\libc_nano.a(lib_a-nano-svfprintf.o)
                0x0800790c                __ssputs_r
 .text._svfprintf_r
                0x080079c0      0x1f0 c:/ac6/systemworkbench/plugins/fr.ac6.mcu.externaltools.arm-none.win32_1.17.0.201812190825/tools/compiler/bin/../lib/gcc/arm-none-eabi/7.3.1/../../../../arm-none-eabi/lib/thumb/v7e-m/fpv4-sp/hard\libc_nano.a(lib_a-nano-svfprintf.o)
                0x080079c0                _svfiprintf_r
                0x080079c0                _svfprintf_r
 .text._printf_common
                0x08007bb0       0xea c:/ac6/systemworkbench/plugins/fr.ac6.mcu.externaltools.arm-none.win32_1.17.0.201812190825/tools/compiler/bin/../lib/gcc/arm-none-eabi/7.3.1/../../../../arm-none-eabi/lib/thumb/v7e-m/fpv4-sp/hard\libc_nano.a(lib_a-nano-vfprintf_i.o)
                0x08007bb0                _printf_common
 *fill*         0x08007c9a        0x2 
 .text._printf_i
                0x08007c9c      0x224 c:/ac6/systemworkbench/plugins/fr.ac6.mcu.externaltools.arm-none.win32_1.17.0.201812190825/tools/compiler/bin/../lib/gcc/arm-none-eabi/7.3.1/../../../../arm-none-eabi/lib/thumb/v7e-m/fpv4-sp/hard\libc_nano.a(lib_a-nano-vfprintf_i.o)
                0x08007c9c                _printf_i
 .text.memcpy   0x08007ec0       0x16 c:/ac6/systemworkbench/plugins/fr.ac6.mcu.externaltools.arm-none.win32_1.17.0.201812190825/tools/compiler/bin/../lib/gcc/arm-none-eabi/7.3.1/../../../../arm-none-eabi/lib/thumb/v7e-m/fpv4-sp/hard\libc_nano.a(lib_a-memcpy-stub.o)
                0x08007ec0                memcpy
 .text.memmove  0x08007ed6       0x32 c:/ac6/systemworkbench/plugins/fr.ac6.mcu.externaltools.arm-none.win32_1.17.0.201812190825/tools/compiler/bin/../lib/gcc/arm-none-eabi/7.3.1/../../../../arm-none-eabi/lib/thumb/v7e-m/fpv4-sp/hard\libc_nano.a(lib_a-memmove.o)
                0x08007ed6                memmove
 .text._realloc_r
                0x08007f08       0x4c c:/ac6/systemworkbench/plugins/fr.ac6.mcu.externaltools.arm-none.win32_1.17.0.201812190825/tools/compiler/bin/../lib/gcc/arm-none-eabi/7.3.1/../../../../arm-none-eabi/lib/thumb/v7e-m/fpv4-sp/hard\libc_nano.a(lib_a-nano-reallocr.o)
                0x08007f08                _realloc_r
 .text._malloc_usable_size_r
                0x08007f54       0x10 c:/ac6/systemworkbench/plugins/fr.ac6.mcu.externaltools.arm-none.win32_1.17.0.201812190825/tools/compiler/bin/../lib/gcc/arm-none-eabi/7.3.1/../../../../arm-none-eabi/lib/thumb/v7e-m/fpv4-sp/hard\libc_nano.a(lib_a-nano-msizer.o)
                0x08007f54                _malloc_usable_size_r
 *(.glue_7)
 .glue_7        0x08007f64        0x0 linker stubs
 *(.glue_7t)
 .glue_7t       0x08007f64        0x0 linker stubs
 *(.eh_frame)
 .eh_frame      0x08007f64        0x0 c:/ac6/systemworkbench/plugins/fr.ac6.mcu.externaltools.arm-none.win32_1.17.0.201812190825/tools/compiler/bin/../lib/gcc/arm-none-eabi/7.3.1/thumb/v7e-m/fpv4-sp/hard/crtbegin.o
 *(.init)
 .init          0x08007f64        0x4 c:/ac6/systemworkbench/plugins/fr.ac6.mcu.externaltools.arm-none.win32_1.17.0.201812190825/tools/compiler/bin/../lib/gcc/arm-none-eabi/7.3.1/thumb/v7e-m/fpv4-sp/hard/crti.o
                0x08007f64                _init
 .init          0x08007f68        0x8 c:/ac6/systemworkbench/plugins/fr.ac6.mcu.externaltools.arm-none.win32_1.17.0.201812190825/tools/compiler/bin/../lib/gcc/arm-none-eabi/7.3.1/thumb/v7e-m/fpv4-sp/hard/crtn.o
 *(.fini)
 .fini          0x08007f70        0x4 c:/ac6/systemworkbench/plugins/fr.ac6.mcu.externaltools.arm-none.win32_1.17.0.201812190825/tools/compiler/bin/../lib/gcc/arm-none-eabi/7.3.1/thumb/v7e-m/fpv4-sp/hard/crti.o
                0x08007f70                _fini
 .fini          0x08007f74        0x8 c:/ac6/systemworkbench/plugins/fr.ac6.mcu.externaltools.arm-none.win32_1.17.0.201812190825/tools/compiler/bin/../lib/gcc/arm-none-eabi/7.3.1/thumb/v7e-m/fpv4-sp/hard/crtn.o
                0x08007f7c                . = ALIGN (0x4)
                0x08007f7c                _etext = .

.vfp11_veneer   0x08007f7c        0x0
 .vfp11_veneer  0x08007f7c        0x0 linker stubs

.v4_bx          0x08007f7c        0x0
 .v4_bx         0x08007f7c        0x0 linker stubs

.iplt           0x08007f7c        0x0
 .iplt          0x08007f7c        0x0 c:/ac6/systemworkbench/plugins/fr.ac6.mcu.externaltools.arm-none.win32_1.17.0.201812190825/tools/compiler/bin/../lib/gcc/arm-none-eabi/7.3.1/thumb/v7e-m/fpv4-sp/hard/crtbegin.o

.rodata         0x08007f7c      0x9f0
                0x08007f7c                . = ALIGN (0x4)
 *(.rodata)
 .rodata        0x08007f7c       0x18 Core/Src/system_stm32f4xx.o
                0x08007f7c                AHBPrescTable
                0x08007f8c                APBPrescTable
 .rodata        0x08007f94       0x14 FATFS/Target/usbh_diskio.o
                0x08007f94                USBH_Driver
 .rodata        0x08007fa8       0xae Middlewares/Third_Party/FatFs/src/ff.o
 *fill*         0x08008056        0x2 
 .rodata        0x08008058      0x3ae Middlewares/Third_Party/FatFs/src/option/ccsbcs.o
 *(.rodata*)
 *fill*         0x08008406        0x2 
 .rodata.str1.4
                0x08008408      0x4d6 Core/Src/File_Handling.o
                                0x4da (size before relaxing)
 *fill*         0x080088de        0x2 
 .rodata.str1.4
                0x080088e0        0x4 Middlewares/ST/STM32_USB_Host_Library/Class/MSC/Src/usbh_msc.o
 .rodata.str1.4
                0x080088e4       0x54 Middlewares/Third_Party/FatFs/src/ff.o
 .rodata._svfprintf_r.str1.1
                0x08008938       0x11 c:/ac6/systemworkbench/plugins/fr.ac6.mcu.externaltools.arm-none.win32_1.17.0.201812190825/tools/compiler/bin/../lib/gcc/arm-none-eabi/7.3.1/../../../../arm-none-eabi/lib/thumb/v7e-m/fpv4-sp/hard\libc_nano.a(lib_a-nano-svfprintf.o)
 .rodata._printf_i.str1.1
                0x08008949       0x22 c:/ac6/systemworkbench/plugins/fr.ac6.mcu.externaltools.arm-none.win32_1.17.0.201812190825/tools/compiler/bin/../lib/gcc/arm-none-eabi/7.3.1/../../../../arm-none-eabi/lib/thumb/v7e-m/fpv4-sp/hard\libc_nano.a(lib_a-nano-vfprintf_i.o)
                0x0800896c                . = ALIGN (0x4)
 *fill*         0x0800896b        0x1 

.ARM.extab
 *(.ARM.extab* .gnu.linkonce.armextab.*)

.ARM            0x0800896c        0x8
                0x0800896c                __exidx_start = .
 *(.ARM.exidx*)
 .ARM.exidx     0x0800896c        0x8 c:/ac6/systemworkbench/plugins/fr.ac6.mcu.externaltools.arm-none.win32_1.17.0.201812190825/tools/compiler/bin/../lib/gcc/arm-none-eabi/7.3.1/thumb/v7e-m/fpv4-sp/hard\libgcc.a(_udivmoddi4.o)
                0x08008974                __exidx_end = .

.rel.dyn        0x08008974        0x0
 .rel.iplt      0x08008974        0x0 c:/ac6/systemworkbench/plugins/fr.ac6.mcu.externaltools.arm-none.win32_1.17.0.201812190825/tools/compiler/bin/../lib/gcc/arm-none-eabi/7.3.1/thumb/v7e-m/fpv4-sp/hard/crtbegin.o

.preinit_array  0x08008974        0x0
                0x08008974                PROVIDE (__preinit_array_start = .)
 *(.preinit_array*)
                0x08008974                PROVIDE (__preinit_array_end = .)

.init_array     0x08008974        0x4
                0x08008974                PROVIDE (__init_array_start = .)
 *(SORT_BY_NAME(.init_array.*))
 *(.init_array*)
 .init_array    0x08008974        0x4 c:/ac6/systemworkbench/plugins/fr.ac6.mcu.externaltools.arm-none.win32_1.17.0.201812190825/tools/compiler/bin/../lib/gcc/arm-none-eabi/7.3.1/thumb/v7e-m/fpv4-sp/hard/crtbegin.o
                0x08008978                PROVIDE (__init_array_end = .)

.fini_array     0x08008978        0x4
                [!provide]                PROVIDE (__fini_array_start = .)
 *(SORT_BY_NAME(.fini_array.*))
 *(.fini_array*)
 .fini_array    0x08008978        0x4 c:/ac6/systemworkbench/plugins/fr.ac6.mcu.externaltools.arm-none.win32_1.17.0.201812190825/tools/compiler/bin/../lib/gcc/arm-none-eabi/7.3.1/thumb/v7e-m/fpv4-sp/hard/crtbegin.o
                [!provide]                PROVIDE (__fini_array_end = .)
                0x0800897c                _sidata = LOADADDR (.data)

.data           0x20000000       0x90 load address 0x0800897c
                0x20000000                . = ALIGN (0x4)
                0x20000000                _sdata = .
 *(.data)
 .data          0x20000000        0x4 Core/Src/system_stm32f4xx.o
                0x20000000                SystemCoreClock
 .data          0x20000004        0x8 Drivers/STM32F4xx_HAL_Driver/Src/stm32f4xx_hal.o
                0x20000004                uwTickFreq
                0x20000008                uwTickPrio
 .data          0x2000000c       0x20 Middlewares/ST/STM32_USB_Host_Library/Class/MSC/Src/usbh_msc.o
                0x2000000c                USBH_msc
 *(.data*)
 .data._impure_ptr
                0x2000002c        0x4 c:/ac6/systemworkbench/plugins/fr.ac6.mcu.externaltools.arm-none.win32_1.17.0.201812190825/tools/compiler/bin/../lib/gcc/arm-none-eabi/7.3.1/../../../../arm-none-eabi/lib/thumb/v7e-m/fpv4-sp/hard\libc_nano.a(lib_a-impure.o)
                0x2000002c                _impure_ptr
 .data.impure_data
                0x20000030       0x60 c:/ac6/systemworkbench/plugins/fr.ac6.mcu.externaltools.arm-none.win32_1.17.0.201812190825/tools/compiler/bin/../lib/gcc/arm-none-eabi/7.3.1/../../../../arm-none-eabi/lib/thumb/v7e-m/fpv4-sp/hard\libc_nano.a(lib_a-impure.o)
                0x20000090                . = ALIGN (0x4)
                0x20000090                _edata = .
                0x08008a0c                _siccmram = LOADADDR (.ccmram)

.igot.plt       0x20000090        0x0 load address 0x08008a0c
 .igot.plt      0x20000090        0x0 c:/ac6/systemworkbench/plugins/fr.ac6.mcu.externaltools.arm-none.win32_1.17.0.201812190825/tools/compiler/bin/../lib/gcc/arm-none-eabi/7.3.1/thumb/v7e-m/fpv4-sp/hard/crtbegin.o

.ccmram         0x10000000        0x0 load address 0x08008a0c
                0x10000000                . = ALIGN (0x4)
                0x10000000                _sccmram = .
 *(.ccmram)
 *(.ccmram*)
                0x10000000                . = ALIGN (0x4)
                0x10000000                _eccmram = .
                0x10000000                . = ALIGN (0x4)

.bss            0x20000090     0x6eb8
                0x20000090                _sbss = .
                0x20000090                __bss_start__ = _sbss
 *(.bss)
 .bss           0x20000090       0x1c c:/ac6/systemworkbench/plugins/fr.ac6.mcu.externaltools.arm-none.win32_1.17.0.201812190825/tools/compiler/bin/../lib/gcc/arm-none-eabi/7.3.1/thumb/v7e-m/fpv4-sp/hard/crtbegin.o
 .bss           0x200000ac        0x4 Core/Src/main.o
                0x200000ac                timeTimer
 .bss           0x200000b0        0x8 Core/Src/syscalls.o
                0x200000b4                __env
 .bss           0x200000b8        0x4 Drivers/STM32F4xx_HAL_Driver/Src/stm32f4xx_ll_usb.o
 .bss           0x200000bc      0x488 Middlewares/Third_Party/FatFs/src/ff.o
 .bss           0x20000544        0xc Middlewares/Third_Party/FatFs/src/ff_gen_drv.o
                0x20000544                disk
 .bss           0x20000550        0x1 USB_HOST/App/usb_host.o
                0x20000550                Appli_state
 *(.bss*)
 *fill*         0x20000551        0x3 
 .bss.__malloc_free_list
                0x20000554        0x4 c:/ac6/systemworkbench/plugins/fr.ac6.mcu.externaltools.arm-none.win32_1.17.0.201812190825/tools/compiler/bin/../lib/gcc/arm-none-eabi/7.3.1/../../../../arm-none-eabi/lib/thumb/v7e-m/fpv4-sp/hard\libc_nano.a(lib_a-nano-mallocr.o)
                0x20000554                __malloc_free_list
 .bss.__malloc_sbrk_start
                0x20000558        0x4 c:/ac6/systemworkbench/plugins/fr.ac6.mcu.externaltools.arm-none.win32_1.17.0.201812190825/tools/compiler/bin/../lib/gcc/arm-none-eabi/7.3.1/../../../../arm-none-eabi/lib/thumb/v7e-m/fpv4-sp/hard\libc_nano.a(lib_a-nano-mallocr.o)
                0x20000558                __malloc_sbrk_start
 *(COMMON)
 *fill*         0x2000055c        0x4 
 COMMON         0x20000560     0x416c Core/Src/File_Handling.o
                0x20000560                fre_clust
                0x20000564                fimware_data
                0x20004564                firmware_flag
                0x20004568                br
                0x2000456c                pUSBHFatFS
                0x20004570                file_name
                0x20004590                i
                0x20004594                free_space
                0x20004598                checksum_flag
                0x2000459c                bw
                0x200045a0                usb
                0x200045a4                fresult
                0x200045a8                USBHfno
                0x200046c8                total
 COMMON         0x200046cc      0x134 Core/Src/main.o
                0x200046cc                hi2c1
                0x20004720                hspi1
                0x20004778                huart2
                0x200047b8                hi2s3
 COMMON         0x20004800        0x4 Core/Src/systick_timer.o
                0x20004800                masterTimerList
 COMMON         0x20004804        0x4 Drivers/STM32F4xx_HAL_Driver/Src/stm32f4xx_hal.o
                0x20004804                uwTick
 COMMON         0x20004808     0x209d FATFS/App/fatfs.o
                0x20004808                USBHPath
                0x20004810                USBHFile
                0x20005868                USBHFatFS
                0x200068a4                retUSBH
 *fill*         0x200068a5        0x3 
 COMMON         0x200068a8      0x3d8 USB_HOST/App/usb_host.o
                0x200068a8                hUsbHostFS
 COMMON         0x20006c80      0x2c4 USB_HOST/Target/usbh_conf.o
                0x20006c80                hhcd_USB_OTG_FS
 COMMON         0x20006f44        0x4 c:/ac6/systemworkbench/plugins/fr.ac6.mcu.externaltools.arm-none.win32_1.17.0.201812190825/tools/compiler/bin/../lib/gcc/arm-none-eabi/7.3.1/../../../../arm-none-eabi/lib/thumb/v7e-m/fpv4-sp/hard\libc_nano.a(lib_a-reent.o)
                0x20006f44                errno
                0x20006f48                . = ALIGN (0x4)
                0x20006f48                _ebss = .
                0x20006f48                __bss_end__ = _ebss

._user_heap_stack
                0x20006f48      0x600
                0x20006f48                . = ALIGN (0x8)
                0x20006f48                PROVIDE (end = .)
                [!provide]                PROVIDE (_end = .)
                0x20007148                . = (. + _Min_Heap_Size)
 *fill*         0x20006f48      0x200 
                0x20007548                . = (. + _Min_Stack_Size)
 *fill*         0x20007148      0x400 
                0x20007548                . = ALIGN (0x8)

/DISCARD/
 libc.a(*)
 libm.a(*)
 libgcc.a(*)

.ARM.attributes
                0x00000000       0x30
 *(.ARM.attributes)
 .ARM.attributes
                0x00000000       0x22 c:/ac6/systemworkbench/plugins/fr.ac6.mcu.externaltools.arm-none.win32_1.17.0.201812190825/tools/compiler/bin/../lib/gcc/arm-none-eabi/7.3.1/thumb/v7e-m/fpv4-sp/hard/crti.o
 .ARM.attributes
                0x00000022       0x34 c:/ac6/systemworkbench/plugins/fr.ac6.mcu.externaltools.arm-none.win32_1.17.0.201812190825/tools/compiler/bin/../lib/gcc/arm-none-eabi/7.3.1/thumb/v7e-m/fpv4-sp/hard/crtbegin.o
 .ARM.attributes
                0x00000056       0x39 Core/Src/File_Handling.o
 .ARM.attributes
                0x0000008f       0x39 Core/Src/main.o
 .ARM.attributes
                0x000000c8       0x39 Core/Src/stm32f4xx_hal_msp.o
 .ARM.attributes
                0x00000101       0x39 Core/Src/stm32f4xx_it.o
 .ARM.attributes
                0x0000013a       0x39 Core/Src/syscalls.o
 .ARM.attributes
                0x00000173       0x39 Core/Src/system_stm32f4xx.o
 .ARM.attributes
                0x000001ac       0x39 Core/Src/systick_timer.o
 .ARM.attributes
                0x000001e5       0x39 Drivers/STM32F4xx_HAL_Driver/Src/stm32f4xx_hal.o
 .ARM.attributes
                0x0000021e       0x39 Drivers/STM32F4xx_HAL_Driver/Src/stm32f4xx_hal_cortex.o
 .ARM.attributes
                0x00000257       0x39 Drivers/STM32F4xx_HAL_Driver/Src/stm32f4xx_hal_gpio.o
 .ARM.attributes
                0x00000290       0x39 Drivers/STM32F4xx_HAL_Driver/Src/stm32f4xx_hal_hcd.o
 .ARM.attributes
                0x000002c9       0x39 Drivers/STM32F4xx_HAL_Driver/Src/stm32f4xx_hal_i2c.o
 .ARM.attributes
                0x00000302       0x39 Drivers/STM32F4xx_HAL_Driver/Src/stm32f4xx_hal_i2s.o
 .ARM.attributes
                0x0000033b       0x39 Drivers/STM32F4xx_HAL_Driver/Src/stm32f4xx_hal_i2s_ex.o
 .ARM.attributes
                0x00000374       0x39 Drivers/STM32F4xx_HAL_Driver/Src/stm32f4xx_hal_rcc.o
 .ARM.attributes
                0x000003ad       0x39 Drivers/STM32F4xx_HAL_Driver/Src/stm32f4xx_hal_rcc_ex.o
 .ARM.attributes
                0x000003e6       0x39 Drivers/STM32F4xx_HAL_Driver/Src/stm32f4xx_hal_spi.o
 .ARM.attributes
                0x0000041f       0x39 Drivers/STM32F4xx_HAL_Driver/Src/stm32f4xx_hal_uart.o
 .ARM.attributes
                0x00000458       0x39 Drivers/STM32F4xx_HAL_Driver/Src/stm32f4xx_ll_usb.o
 .ARM.attributes
                0x00000491       0x39 FATFS/App/fatfs.o
 .ARM.attributes
                0x000004ca       0x39 FATFS/Target/usbh_diskio.o
 .ARM.attributes
                0x00000503       0x39 Middlewares/ST/STM32_USB_Host_Library/Class/MSC/Src/usbh_msc.o
 .ARM.attributes
                0x0000053c       0x39 Middlewares/ST/STM32_USB_Host_Library/Class/MSC/Src/usbh_msc_bot.o
 .ARM.attributes
                0x00000575       0x39 Middlewares/ST/STM32_USB_Host_Library/Class/MSC/Src/usbh_msc_scsi.o
 .ARM.attributes
                0x000005ae       0x39 Middlewares/ST/STM32_USB_Host_Library/Core/Src/usbh_core.o
 .ARM.attributes
                0x000005e7       0x39 Middlewares/ST/STM32_USB_Host_Library/Core/Src/usbh_ctlreq.o
 .ARM.attributes
                0x00000620       0x39 Middlewares/ST/STM32_USB_Host_Library/Core/Src/usbh_ioreq.o
 .ARM.attributes
                0x00000659       0x39 Middlewares/ST/STM32_USB_Host_Library/Core/Src/usbh_pipes.o
 .ARM.attributes
                0x00000692       0x39 Middlewares/Third_Party/FatFs/src/diskio.o
 .ARM.attributes
                0x000006cb       0x39 Middlewares/Third_Party/FatFs/src/ff.o
 .ARM.attributes
                0x00000704       0x39 Middlewares/Third_Party/FatFs/src/ff_gen_drv.o
 .ARM.attributes
                0x0000073d       0x39 Middlewares/Third_Party/FatFs/src/option/ccsbcs.o
 .ARM.attributes
                0x00000776       0x39 USB_HOST/App/usb_host.o
 .ARM.attributes
                0x000007af       0x39 USB_HOST/Target/usbh_conf.o
 .ARM.attributes
                0x000007e8       0x39 USB_HOST/Target/usbh_platform.o
 .ARM.attributes
                0x00000821       0x21 startup/startup_stm32f407xx.o
 .ARM.attributes
                0x00000842       0x22 c:/ac6/systemworkbench/plugins/fr.ac6.mcu.externaltools.arm-none.win32_1.17.0.201812190825/tools/compiler/bin/../lib/gcc/arm-none-eabi/7.3.1/thumb/v7e-m/fpv4-sp/hard\libgcc.a(_aeabi_uldivmod.o)
 .ARM.attributes
                0x00000864       0x34 c:/ac6/systemworkbench/plugins/fr.ac6.mcu.externaltools.arm-none.win32_1.17.0.201812190825/tools/compiler/bin/../lib/gcc/arm-none-eabi/7.3.1/thumb/v7e-m/fpv4-sp/hard\libgcc.a(_udivmoddi4.o)
 .ARM.attributes
                0x00000898       0x22 c:/ac6/systemworkbench/plugins/fr.ac6.mcu.externaltools.arm-none.win32_1.17.0.201812190825/tools/compiler/bin/../lib/gcc/arm-none-eabi/7.3.1/thumb/v7e-m/fpv4-sp/hard\libgcc.a(_dvmd_tls.o)
 .ARM.attributes
                0x000008ba       0x34 c:/ac6/systemworkbench/plugins/fr.ac6.mcu.externaltools.arm-none.win32_1.17.0.201812190825/tools/compiler/bin/../lib/gcc/arm-none-eabi/7.3.1/../../../../arm-none-eabi/lib/thumb/v7e-m/fpv4-sp/hard\libc_nano.a(lib_a-errno.o)
 .ARM.attributes
                0x000008ee       0x34 c:/ac6/systemworkbench/plugins/fr.ac6.mcu.externaltools.arm-none.win32_1.17.0.201812190825/tools/compiler/bin/../lib/gcc/arm-none-eabi/7.3.1/../../../../arm-none-eabi/lib/thumb/v7e-m/fpv4-sp/hard\libc_nano.a(lib_a-impure.o)
 .ARM.attributes
                0x00000922       0x34 c:/ac6/systemworkbench/plugins/fr.ac6.mcu.externaltools.arm-none.win32_1.17.0.201812190825/tools/compiler/bin/../lib/gcc/arm-none-eabi/7.3.1/../../../../arm-none-eabi/lib/thumb/v7e-m/fpv4-sp/hard\libc_nano.a(lib_a-init.o)
 .ARM.attributes
                0x00000956       0x34 c:/ac6/systemworkbench/plugins/fr.ac6.mcu.externaltools.arm-none.win32_1.17.0.201812190825/tools/compiler/bin/../lib/gcc/arm-none-eabi/7.3.1/../../../../arm-none-eabi/lib/thumb/v7e-m/fpv4-sp/hard\libc_nano.a(lib_a-malloc.o)
 .ARM.attributes
                0x0000098a       0x34 c:/ac6/systemworkbench/plugins/fr.ac6.mcu.externaltools.arm-none.win32_1.17.0.201812190825/tools/compiler/bin/../lib/gcc/arm-none-eabi/7.3.1/../../../../arm-none-eabi/lib/thumb/v7e-m/fpv4-sp/hard\libc_nano.a(lib_a-memset.o)
 .ARM.attributes
                0x000009be       0x34 c:/ac6/systemworkbench/plugins/fr.ac6.mcu.externaltools.arm-none.win32_1.17.0.201812190825/tools/compiler/bin/../lib/gcc/arm-none-eabi/7.3.1/../../../../arm-none-eabi/lib/thumb/v7e-m/fpv4-sp/hard\libc_nano.a(lib_a-nano-freer.o)
 .ARM.attributes
                0x000009f2       0x34 c:/ac6/systemworkbench/plugins/fr.ac6.mcu.externaltools.arm-none.win32_1.17.0.201812190825/tools/compiler/bin/../lib/gcc/arm-none-eabi/7.3.1/../../../../arm-none-eabi/lib/thumb/v7e-m/fpv4-sp/hard\libc_nano.a(lib_a-nano-mallocr.o)
 .ARM.attributes
                0x00000a26       0x34 c:/ac6/systemworkbench/plugins/fr.ac6.mcu.externaltools.arm-none.win32_1.17.0.201812190825/tools/compiler/bin/../lib/gcc/arm-none-eabi/7.3.1/../../../../arm-none-eabi/lib/thumb/v7e-m/fpv4-sp/hard\libc_nano.a(lib_a-sbrkr.o)
 .ARM.attributes
                0x00000a5a       0x34 c:/ac6/systemworkbench/plugins/fr.ac6.mcu.externaltools.arm-none.win32_1.17.0.201812190825/tools/compiler/bin/../lib/gcc/arm-none-eabi/7.3.1/../../../../arm-none-eabi/lib/thumb/v7e-m/fpv4-sp/hard\libc_nano.a(lib_a-sprintf.o)
 .ARM.attributes
                0x00000a8e       0x20 c:/ac6/systemworkbench/plugins/fr.ac6.mcu.externaltools.arm-none.win32_1.17.0.201812190825/tools/compiler/bin/../lib/gcc/arm-none-eabi/7.3.1/../../../../arm-none-eabi/lib/thumb/v7e-m/fpv4-sp/hard\libc_nano.a(lib_a-strcmp.o)
 .ARM.attributes
                0x00000aae       0x34 c:/ac6/systemworkbench/plugins/fr.ac6.mcu.externaltools.arm-none.win32_1.17.0.201812190825/tools/compiler/bin/../lib/gcc/arm-none-eabi/7.3.1/../../../../arm-none-eabi/lib/thumb/v7e-m/fpv4-sp/hard\libc_nano.a(lib_a-strcpy.o)
 .ARM.attributes
                0x00000ae2       0x1b c:/ac6/systemworkbench/plugins/fr.ac6.mcu.externaltools.arm-none.win32_1.17.0.201812190825/tools/compiler/bin/../lib/gcc/arm-none-eabi/7.3.1/../../../../arm-none-eabi/lib/thumb/v7e-m/fpv4-sp/hard\libc_nano.a(lib_a-strlen.o)
 .ARM.attributes
                0x00000afd       0x34 c:/ac6/systemworkbench/plugins/fr.ac6.mcu.externaltools.arm-none.win32_1.17.0.201812190825/tools/compiler/bin/../lib/gcc/arm-none-eabi/7.3.1/../../../../arm-none-eabi/lib/thumb/v7e-m/fpv4-sp/hard\libc_nano.a(lib_a-mlock.o)
 .ARM.attributes
                0x00000b31       0x34 c:/ac6/systemworkbench/plugins/fr.ac6.mcu.externaltools.arm-none.win32_1.17.0.201812190825/tools/compiler/bin/../lib/gcc/arm-none-eabi/7.3.1/../../../../arm-none-eabi/lib/thumb/v7e-m/fpv4-sp/hard\libc_nano.a(lib_a-nano-svfprintf.o)
 .ARM.attributes
                0x00000b65       0x34 c:/ac6/systemworkbench/plugins/fr.ac6.mcu.externaltools.arm-none.win32_1.17.0.201812190825/tools/compiler/bin/../lib/gcc/arm-none-eabi/7.3.1/../../../../arm-none-eabi/lib/thumb/v7e-m/fpv4-sp/hard\libc_nano.a(lib_a-nano-vfprintf_i.o)
 .ARM.attributes
                0x00000b99       0x34 c:/ac6/systemworkbench/plugins/fr.ac6.mcu.externaltools.arm-none.win32_1.17.0.201812190825/tools/compiler/bin/../lib/gcc/arm-none-eabi/7.3.1/../../../../arm-none-eabi/lib/thumb/v7e-m/fpv4-sp/hard\libc_nano.a(lib_a-reent.o)
 .ARM.attributes
                0x00000bcd       0x20 c:/ac6/systemworkbench/plugins/fr.ac6.mcu.externaltools.arm-none.win32_1.17.0.201812190825/tools/compiler/bin/../lib/gcc/arm-none-eabi/7.3.1/../../../../arm-none-eabi/lib/thumb/v7e-m/fpv4-sp/hard\libc_nano.a(lib_a-memchr.o)
 .ARM.attributes
                0x00000bed       0x34 c:/ac6/systemworkbench/plugins/fr.ac6.mcu.externaltools.arm-none.win32_1.17.0.201812190825/tools/compiler/bin/../lib/gcc/arm-none-eabi/7.3.1/../../../../arm-none-eabi/lib/thumb/v7e-m/fpv4-sp/hard\libc_nano.a(lib_a-memcpy-stub.o)
 .ARM.attributes
                0x00000c21       0x34 c:/ac6/systemworkbench/plugins/fr.ac6.mcu.externaltools.arm-none.win32_1.17.0.201812190825/tools/compiler/bin/../lib/gcc/arm-none-eabi/7.3.1/../../../../arm-none-eabi/lib/thumb/v7e-m/fpv4-sp/hard\libc_nano.a(lib_a-memmove.o)
 .ARM.attributes
                0x00000c55       0x34 c:/ac6/systemworkbench/plugins/fr.ac6.mcu.externaltools.arm-none.win32_1.17.0.201812190825/tools/compiler/bin/../lib/gcc/arm-none-eabi/7.3.1/../../../../arm-none-eabi/lib/thumb/v7e-m/fpv4-sp/hard\libc_nano.a(lib_a-nano-reallocr.o)
 .ARM.attributes
                0x00000c89       0x34 c:/ac6/systemworkbench/plugins/fr.ac6.mcu.externaltools.arm-none.win32_1.17.0.201812190825/tools/compiler/bin/../lib/gcc/arm-none-eabi/7.3.1/../../../../arm-none-eabi/lib/thumb/v7e-m/fpv4-sp/hard\libc_nano.a(lib_a-nano-msizer.o)
 .ARM.attributes
                0x00000cbd       0x22 c:/ac6/systemworkbench/plugins/fr.ac6.mcu.externaltools.arm-none.win32_1.17.0.201812190825/tools/compiler/bin/../lib/gcc/arm-none-eabi/7.3.1/thumb/v7e-m/fpv4-sp/hard/crtn.o
OUTPUT(Blink_code.elf elf32-littlearm)

.debug_info     0x00000000    0x34f02
 .debug_info    0x00000000     0x34c1 Core/Src/File_Handling.o
 .debug_info    0x000034c1     0x2c33 Core/Src/main.o
 .debug_info    0x000060f4     0x12f6 Core/Src/stm32f4xx_hal_msp.o
 .debug_info    0x000073ea      0x6fb Core/Src/stm32f4xx_it.o
 .debug_info    0x00007ae5      0xfd3 Core/Src/syscalls.o
 .debug_info    0x00008ab8      0x559 Core/Src/system_stm32f4xx.o
 .debug_info    0x00009011      0xbca Core/Src/systick_timer.o
 .debug_info    0x00009bdb      0x9f1 Drivers/STM32F4xx_HAL_Driver/Src/stm32f4xx_hal.o
 .debug_info    0x0000a5cc      0xf8c Drivers/STM32F4xx_HAL_Driver/Src/stm32f4xx_hal_cortex.o
 .debug_info    0x0000b558      0x7c2 Drivers/STM32F4xx_HAL_Driver/Src/stm32f4xx_hal_gpio.o
 .debug_info    0x0000bd1a     0x130a Drivers/STM32F4xx_HAL_Driver/Src/stm32f4xx_hal_hcd.o
 .debug_info    0x0000d024     0x33da Drivers/STM32F4xx_HAL_Driver/Src/stm32f4xx_hal_i2c.o
 .debug_info    0x000103fe     0x10d1 Drivers/STM32F4xx_HAL_Driver/Src/stm32f4xx_hal_i2s.o
 .debug_info    0x000114cf      0xdeb Drivers/STM32F4xx_HAL_Driver/Src/stm32f4xx_hal_i2s_ex.o
 .debug_info    0x000122ba      0xa94 Drivers/STM32F4xx_HAL_Driver/Src/stm32f4xx_hal_rcc.o
 .debug_info    0x00012d4e      0x6b5 Drivers/STM32F4xx_HAL_Driver/Src/stm32f4xx_hal_rcc_ex.o
 .debug_info    0x00013403     0x1bfb Drivers/STM32F4xx_HAL_Driver/Src/stm32f4xx_hal_spi.o
 .debug_info    0x00014ffe     0x171d Drivers/STM32F4xx_HAL_Driver/Src/stm32f4xx_hal_uart.o
 .debug_info    0x0001671b     0x1b51 Drivers/STM32F4xx_HAL_Driver/Src/stm32f4xx_ll_usb.o
 .debug_info    0x0001826c     0x1663 FATFS/App/fatfs.o
 .debug_info    0x000198cf     0x17b0 FATFS/Target/usbh_diskio.o
 .debug_info    0x0001b07f     0x1ea6 Middlewares/ST/STM32_USB_Host_Library/Class/MSC/Src/usbh_msc.o
 .debug_info    0x0001cf25     0x1b41 Middlewares/ST/STM32_USB_Host_Library/Class/MSC/Src/usbh_msc_bot.o
 .debug_info    0x0001ea66     0x1a2d Middlewares/ST/STM32_USB_Host_Library/Class/MSC/Src/usbh_msc_scsi.o
 .debug_info    0x00020493     0x1ca6 Middlewares/ST/STM32_USB_Host_Library/Core/Src/usbh_core.o
 .debug_info    0x00022139     0x1ae8 Middlewares/ST/STM32_USB_Host_Library/Core/Src/usbh_ctlreq.o
 .debug_info    0x00023c21     0x16fb Middlewares/ST/STM32_USB_Host_Library/Core/Src/usbh_ioreq.o
 .debug_info    0x0002531c     0x13a3 Middlewares/ST/STM32_USB_Host_Library/Core/Src/usbh_pipes.o
 .debug_info    0x000266bf     0x156b Middlewares/Third_Party/FatFs/src/diskio.o
 .debug_info    0x00027c2a     0x6a52 Middlewares/Third_Party/FatFs/src/ff.o
 .debug_info    0x0002e67c     0x14ea Middlewares/Third_Party/FatFs/src/ff_gen_drv.o
 .debug_info    0x0002fb66     0x130b Middlewares/Third_Party/FatFs/src/option/ccsbcs.o
 .debug_info    0x00030e71     0x1827 USB_HOST/App/usb_host.o
 .debug_info    0x00032698     0x25a5 USB_HOST/Target/usbh_conf.o
 .debug_info    0x00034c3d      0x2a3 USB_HOST/Target/usbh_platform.o
 .debug_info    0x00034ee0       0x22 startup/startup_stm32f407xx.o

.debug_abbrev   0x00000000     0x5cb8
 .debug_abbrev  0x00000000      0x3ee Core/Src/File_Handling.o
 .debug_abbrev  0x000003ee      0x3ed Core/Src/main.o
 .debug_abbrev  0x000007db      0x1e9 Core/Src/stm32f4xx_hal_msp.o
 .debug_abbrev  0x000009c4      0x193 Core/Src/stm32f4xx_it.o
 .debug_abbrev  0x00000b57      0x2d4 Core/Src/syscalls.o
 .debug_abbrev  0x00000e2b      0x12b Core/Src/system_stm32f4xx.o
 .debug_abbrev  0x00000f56      0x273 Core/Src/systick_timer.o
 .debug_abbrev  0x000011c9      0x1ed Drivers/STM32F4xx_HAL_Driver/Src/stm32f4xx_hal.o
 .debug_abbrev  0x000013b6      0x328 Drivers/STM32F4xx_HAL_Driver/Src/stm32f4xx_hal_cortex.o
 .debug_abbrev  0x000016de      0x1e7 Drivers/STM32F4xx_HAL_Driver/Src/stm32f4xx_hal_gpio.o
 .debug_abbrev  0x000018c5      0x27f Drivers/STM32F4xx_HAL_Driver/Src/stm32f4xx_hal_hcd.o
 .debug_abbrev  0x00001b44      0x275 Drivers/STM32F4xx_HAL_Driver/Src/stm32f4xx_hal_i2c.o
 .debug_abbrev  0x00001db9      0x243 Drivers/STM32F4xx_HAL_Driver/Src/stm32f4xx_hal_i2s.o
 .debug_abbrev  0x00001ffc      0x281 Drivers/STM32F4xx_HAL_Driver/Src/stm32f4xx_hal_i2s_ex.o
 .debug_abbrev  0x0000227d      0x273 Drivers/STM32F4xx_HAL_Driver/Src/stm32f4xx_hal_rcc.o
 .debug_abbrev  0x000024f0      0x179 Drivers/STM32F4xx_HAL_Driver/Src/stm32f4xx_hal_rcc_ex.o
 .debug_abbrev  0x00002669      0x249 Drivers/STM32F4xx_HAL_Driver/Src/stm32f4xx_hal_spi.o
 .debug_abbrev  0x000028b2      0x288 Drivers/STM32F4xx_HAL_Driver/Src/stm32f4xx_hal_uart.o
 .debug_abbrev  0x00002b3a      0x2a8 Drivers/STM32F4xx_HAL_Driver/Src/stm32f4xx_ll_usb.o
 .debug_abbrev  0x00002de2      0x297 FATFS/App/fatfs.o
 .debug_abbrev  0x00003079      0x2b9 FATFS/Target/usbh_diskio.o
 .debug_abbrev  0x00003332      0x365 Middlewares/ST/STM32_USB_Host_Library/Class/MSC/Src/usbh_msc.o
 .debug_abbrev  0x00003697      0x302 Middlewares/ST/STM32_USB_Host_Library/Class/MSC/Src/usbh_msc_bot.o
 .debug_abbrev  0x00003999      0x30a Middlewares/ST/STM32_USB_Host_Library/Class/MSC/Src/usbh_msc_scsi.o
 .debug_abbrev  0x00003ca3      0x382 Middlewares/ST/STM32_USB_Host_Library/Core/Src/usbh_core.o
 .debug_abbrev  0x00004025      0x363 Middlewares/ST/STM32_USB_Host_Library/Core/Src/usbh_ctlreq.o
 .debug_abbrev  0x00004388      0x292 Middlewares/ST/STM32_USB_Host_Library/Core/Src/usbh_ioreq.o
 .debug_abbrev  0x0000461a      0x2cc Middlewares/ST/STM32_USB_Host_Library/Core/Src/usbh_pipes.o
 .debug_abbrev  0x000048e6      0x2e3 Middlewares/Third_Party/FatFs/src/diskio.o
 .debug_abbrev  0x00004bc9      0x3c4 Middlewares/Third_Party/FatFs/src/ff.o
 .debug_abbrev  0x00004f8d      0x2d7 Middlewares/Third_Party/FatFs/src/ff_gen_drv.o
 .debug_abbrev  0x00005264      0x295 Middlewares/Third_Party/FatFs/src/option/ccsbcs.o
 .debug_abbrev  0x000054f9      0x2f5 USB_HOST/App/usb_host.o
 .debug_abbrev  0x000057ee      0x38a USB_HOST/Target/usbh_conf.o
 .debug_abbrev  0x00005b78      0x12e USB_HOST/Target/usbh_platform.o
 .debug_abbrev  0x00005ca6       0x12 startup/startup_stm32f407xx.o

.debug_loc      0x00000000    0x17d1b
 .debug_loc     0x00000000      0x681 Core/Src/File_Handling.o
 .debug_loc     0x00000681       0x39 Core/Src/main.o
 .debug_loc     0x000006ba      0x1b7 Core/Src/stm32f4xx_hal_msp.o
 .debug_loc     0x00000871      0x3af Core/Src/syscalls.o
 .debug_loc     0x00000c20      0x13e Core/Src/system_stm32f4xx.o
 .debug_loc     0x00000d5e      0x356 Core/Src/systick_timer.o
 .debug_loc     0x000010b4      0x11b Drivers/STM32F4xx_HAL_Driver/Src/stm32f4xx_hal.o
 .debug_loc     0x000011cf      0x5ce Drivers/STM32F4xx_HAL_Driver/Src/stm32f4xx_hal_cortex.o
 .debug_loc     0x0000179d      0x476 Drivers/STM32F4xx_HAL_Driver/Src/stm32f4xx_hal_gpio.o
 .debug_loc     0x00001c13      0xbf9 Drivers/STM32F4xx_HAL_Driver/Src/stm32f4xx_hal_hcd.o
 .debug_loc     0x0000280c     0x37ae Drivers/STM32F4xx_HAL_Driver/Src/stm32f4xx_hal_i2c.o
 .debug_loc     0x00005fba      0xcf8 Drivers/STM32F4xx_HAL_Driver/Src/stm32f4xx_hal_i2s.o
 .debug_loc     0x00006cb2      0xa81 Drivers/STM32F4xx_HAL_Driver/Src/stm32f4xx_hal_i2s_ex.o
 .debug_loc     0x00007733      0x40f Drivers/STM32F4xx_HAL_Driver/Src/stm32f4xx_hal_rcc.o
 .debug_loc     0x00007b42      0x2c7 Drivers/STM32F4xx_HAL_Driver/Src/stm32f4xx_hal_rcc_ex.o
 .debug_loc     0x00007e09     0x1a09 Drivers/STM32F4xx_HAL_Driver/Src/stm32f4xx_hal_spi.o
 .debug_loc     0x00009812     0x1599 Drivers/STM32F4xx_HAL_Driver/Src/stm32f4xx_hal_uart.o
 .debug_loc     0x0000adab     0x1eca Drivers/STM32F4xx_HAL_Driver/Src/stm32f4xx_ll_usb.o
 .debug_loc     0x0000cc75      0x3ec FATFS/Target/usbh_diskio.o
 .debug_loc     0x0000d061      0x9da Middlewares/ST/STM32_USB_Host_Library/Class/MSC/Src/usbh_msc.o
 .debug_loc     0x0000da3b      0x5e0 Middlewares/ST/STM32_USB_Host_Library/Class/MSC/Src/usbh_msc_bot.o
 .debug_loc     0x0000e01b      0x632 Middlewares/ST/STM32_USB_Host_Library/Class/MSC/Src/usbh_msc_scsi.o
 .debug_loc     0x0000e64d      0x84c Middlewares/ST/STM32_USB_Host_Library/Core/Src/usbh_core.o
 .debug_loc     0x0000ee99      0xbc3 Middlewares/ST/STM32_USB_Host_Library/Core/Src/usbh_ctlreq.o
 .debug_loc     0x0000fa5c      0x50f Middlewares/ST/STM32_USB_Host_Library/Core/Src/usbh_ioreq.o
 .debug_loc     0x0000ff6b      0x1be Middlewares/ST/STM32_USB_Host_Library/Core/Src/usbh_pipes.o
 .debug_loc     0x00010129      0x1f1 Middlewares/Third_Party/FatFs/src/diskio.o
 .debug_loc     0x0001031a     0x6bf9 Middlewares/Third_Party/FatFs/src/ff.o
 .debug_loc     0x00016f13      0x24a Middlewares/Third_Party/FatFs/src/ff_gen_drv.o
 .debug_loc     0x0001715d      0x296 Middlewares/Third_Party/FatFs/src/option/ccsbcs.o
 .debug_loc     0x000173f3       0xbc USB_HOST/App/usb_host.o
 .debug_loc     0x000174af      0x817 USB_HOST/Target/usbh_conf.o
 .debug_loc     0x00017cc6       0x55 USB_HOST/Target/usbh_platform.o

.debug_aranges  0x00000000     0x1800
 .debug_aranges
                0x00000000       0x78 Core/Src/File_Handling.o
 .debug_aranges
                0x00000078       0x60 Core/Src/main.o
 .debug_aranges
                0x000000d8       0x60 Core/Src/stm32f4xx_hal_msp.o
 .debug_aranges
                0x00000138       0x68 Core/Src/stm32f4xx_it.o
 .debug_aranges
                0x000001a0       0xb0 Core/Src/syscalls.o
 .debug_aranges
                0x00000250       0x28 Core/Src/system_stm32f4xx.o
 .debug_aranges
                0x00000278       0x58 Core/Src/systick_timer.o
 .debug_aranges
                0x000002d0       0xf0 Drivers/STM32F4xx_HAL_Driver/Src/stm32f4xx_hal.o
 .debug_aranges
                0x000003c0       0xa8 Drivers/STM32F4xx_HAL_Driver/Src/stm32f4xx_hal_cortex.o
 .debug_aranges
                0x00000468       0x58 Drivers/STM32F4xx_HAL_Driver/Src/stm32f4xx_hal_gpio.o
 .debug_aranges
                0x000004c0       0xf8 Drivers/STM32F4xx_HAL_Driver/Src/stm32f4xx_hal_hcd.o
 .debug_aranges
                0x000005b8      0x2a0 Drivers/STM32F4xx_HAL_Driver/Src/stm32f4xx_hal_i2c.o
 .debug_aranges
                0x00000858      0x108 Drivers/STM32F4xx_HAL_Driver/Src/stm32f4xx_hal_i2s.o
 .debug_aranges
                0x00000960       0x88 Drivers/STM32F4xx_HAL_Driver/Src/stm32f4xx_hal_i2s_ex.o
 .debug_aranges
                0x000009e8       0x88 Drivers/STM32F4xx_HAL_Driver/Src/stm32f4xx_hal_rcc.o
 .debug_aranges
                0x00000a70       0x48 Drivers/STM32F4xx_HAL_Driver/Src/stm32f4xx_hal_rcc_ex.o
 .debug_aranges
                0x00000ab8      0x1d0 Drivers/STM32F4xx_HAL_Driver/Src/stm32f4xx_hal_spi.o
 .debug_aranges
                0x00000c88      0x1d0 Drivers/STM32F4xx_HAL_Driver/Src/stm32f4xx_hal_uart.o
 .debug_aranges
                0x00000e58      0x198 Drivers/STM32F4xx_HAL_Driver/Src/stm32f4xx_ll_usb.o
 .debug_aranges
                0x00000ff0       0x28 FATFS/App/fatfs.o
 .debug_aranges
                0x00001018       0x40 FATFS/Target/usbh_diskio.o
 .debug_aranges
                0x00001058       0x78 Middlewares/ST/STM32_USB_Host_Library/Class/MSC/Src/usbh_msc.o
 .debug_aranges
                0x000010d0       0x48 Middlewares/ST/STM32_USB_Host_Library/Class/MSC/Src/usbh_msc_bot.o
 .debug_aranges
                0x00001118       0x48 Middlewares/ST/STM32_USB_Host_Library/Class/MSC/Src/usbh_msc_scsi.o
 .debug_aranges
                0x00001160       0xc0 Middlewares/ST/STM32_USB_Host_Library/Core/Src/usbh_core.o
 .debug_aranges
                0x00001220       0xa0 Middlewares/ST/STM32_USB_Host_Library/Core/Src/usbh_ctlreq.o
 .debug_aranges
                0x000012c0       0x60 Middlewares/ST/STM32_USB_Host_Library/Core/Src/usbh_ioreq.o
 .debug_aranges
                0x00001320       0x40 Middlewares/ST/STM32_USB_Host_Library/Core/Src/usbh_pipes.o
 .debug_aranges
                0x00001360       0x48 Middlewares/Third_Party/FatFs/src/diskio.o
 .debug_aranges
                0x000013a8      0x2a0 Middlewares/Third_Party/FatFs/src/ff.o
 .debug_aranges
                0x00001648       0x40 Middlewares/Third_Party/FatFs/src/ff_gen_drv.o
 .debug_aranges